Archive member included to satisfy reference by file (symbol)

/usr/lib/gcc/arm-none-eabi/10.3.1/thumb/v7e-m+fp/hard/libgcc.a(_arm_addsubdf3.o)
                              CMakeFiles/sensors_integration.dir/Core/Src/main.c.obj (__aeabi_f2d)
/usr/lib/gcc/arm-none-eabi/10.3.1/../../../arm-none-eabi/lib/thumb/v7e-m+fp/hard/libg_nano.a(lib_a-atexit.o)
                              /usr/lib/gcc/arm-none-eabi/10.3.1/../../../arm-none-eabi/lib/thumb/v7e-m+fp/hard/crt0.o (atexit)
/usr/lib/gcc/arm-none-eabi/10.3.1/../../../arm-none-eabi/lib/thumb/v7e-m+fp/hard/libg_nano.a(lib_a-errno.o)
                              CMakeFiles/sensors_integration.dir/Core/Src/sysmem.c.obj (__errno)
/usr/lib/gcc/arm-none-eabi/10.3.1/../../../arm-none-eabi/lib/thumb/v7e-m+fp/hard/libg_nano.a(lib_a-exit.o)
                              /usr/lib/gcc/arm-none-eabi/10.3.1/../../../arm-none-eabi/lib/thumb/v7e-m+fp/hard/crt0.o (exit)
/usr/lib/gcc/arm-none-eabi/10.3.1/../../../arm-none-eabi/lib/thumb/v7e-m+fp/hard/libg_nano.a(lib_a-fini.o)
                              /usr/lib/gcc/arm-none-eabi/10.3.1/../../../arm-none-eabi/lib/thumb/v7e-m+fp/hard/crt0.o (__libc_fini_array)
/usr/lib/gcc/arm-none-eabi/10.3.1/../../../arm-none-eabi/lib/thumb/v7e-m+fp/hard/libg_nano.a(lib_a-impure.o)
                              /usr/lib/gcc/arm-none-eabi/10.3.1/../../../arm-none-eabi/lib/thumb/v7e-m+fp/hard/libg_nano.a(lib_a-exit.o) (_global_impure_ptr)
/usr/lib/gcc/arm-none-eabi/10.3.1/../../../arm-none-eabi/lib/thumb/v7e-m+fp/hard/libg_nano.a(lib_a-init.o)
                              /usr/lib/gcc/arm-none-eabi/10.3.1/../../../arm-none-eabi/lib/thumb/v7e-m+fp/hard/crt0.o (__libc_init_array)
/usr/lib/gcc/arm-none-eabi/10.3.1/../../../arm-none-eabi/lib/thumb/v7e-m+fp/hard/libg_nano.a(lib_a-memset.o)
                              /usr/lib/gcc/arm-none-eabi/10.3.1/../../../arm-none-eabi/lib/thumb/v7e-m+fp/hard/crt0.o (memset)
/usr/lib/gcc/arm-none-eabi/10.3.1/../../../arm-none-eabi/lib/thumb/v7e-m+fp/hard/libg_nano.a(lib_a-sprintf.o)
                              CMakeFiles/sensors_integration.dir/Core/Src/main.c.obj (sprintf)
/usr/lib/gcc/arm-none-eabi/10.3.1/../../../arm-none-eabi/lib/thumb/v7e-m+fp/hard/libg_nano.a(lib_a-__atexit.o)
                              /usr/lib/gcc/arm-none-eabi/10.3.1/../../../arm-none-eabi/lib/thumb/v7e-m+fp/hard/libg_nano.a(lib_a-atexit.o) (__register_exitproc)
/usr/lib/gcc/arm-none-eabi/10.3.1/../../../arm-none-eabi/lib/thumb/v7e-m+fp/hard/libg_nano.a(lib_a-__call_atexit.o)
                              /usr/lib/gcc/arm-none-eabi/10.3.1/../../../arm-none-eabi/lib/thumb/v7e-m+fp/hard/libg_nano.a(lib_a-__atexit.o) (__call_exitprocs)
/usr/lib/gcc/arm-none-eabi/10.3.1/../../../arm-none-eabi/lib/thumb/v7e-m+fp/hard/libg_nano.a(lib_a-nano-svfprintf.o)
                              /usr/lib/gcc/arm-none-eabi/10.3.1/../../../arm-none-eabi/lib/thumb/v7e-m+fp/hard/libg_nano.a(lib_a-sprintf.o) (_svfprintf_r)
/usr/lib/gcc/arm-none-eabi/10.3.1/../../../arm-none-eabi/lib/thumb/v7e-m+fp/hard/libg_nano.a(lib_a-nano-vfprintf_i.o)
                              /usr/lib/gcc/arm-none-eabi/10.3.1/../../../arm-none-eabi/lib/thumb/v7e-m+fp/hard/libg_nano.a(lib_a-nano-svfprintf.o) (_printf_i)
/usr/lib/gcc/arm-none-eabi/10.3.1/../../../arm-none-eabi/lib/thumb/v7e-m+fp/hard/libg_nano.a(lib_a-memchr.o)
                              /usr/lib/gcc/arm-none-eabi/10.3.1/../../../arm-none-eabi/lib/thumb/v7e-m+fp/hard/libg_nano.a(lib_a-nano-svfprintf.o) (memchr)
/usr/lib/gcc/arm-none-eabi/10.3.1/../../../arm-none-eabi/lib/thumb/v7e-m+fp/hard/libg_nano.a(lib_a-memcpy.o)
                              /usr/lib/gcc/arm-none-eabi/10.3.1/../../../arm-none-eabi/lib/thumb/v7e-m+fp/hard/libg_nano.a(lib_a-nano-svfprintf.o) (memcpy)
/usr/lib/gcc/arm-none-eabi/10.3.1/../../../arm-none-eabi/lib/thumb/v7e-m+fp/hard/libg_nano.a(lib_a-memmove.o)
                              /usr/lib/gcc/arm-none-eabi/10.3.1/../../../arm-none-eabi/lib/thumb/v7e-m+fp/hard/libg_nano.a(lib_a-nano-svfprintf.o) (memmove)
/usr/lib/gcc/arm-none-eabi/10.3.1/../../../arm-none-eabi/lib/thumb/v7e-m+fp/hard/libg_nano.a(lib_a-nano-freer.o)
                              /usr/lib/gcc/arm-none-eabi/10.3.1/../../../arm-none-eabi/lib/thumb/v7e-m+fp/hard/libg_nano.a(lib_a-nano-svfprintf.o) (_free_r)
/usr/lib/gcc/arm-none-eabi/10.3.1/../../../arm-none-eabi/lib/thumb/v7e-m+fp/hard/libg_nano.a(lib_a-nano-mallocr.o)
                              /usr/lib/gcc/arm-none-eabi/10.3.1/../../../arm-none-eabi/lib/thumb/v7e-m+fp/hard/libg_nano.a(lib_a-nano-svfprintf.o) (_malloc_r)
/usr/lib/gcc/arm-none-eabi/10.3.1/../../../arm-none-eabi/lib/thumb/v7e-m+fp/hard/libg_nano.a(lib_a-nano-reallocr.o)
                              /usr/lib/gcc/arm-none-eabi/10.3.1/../../../arm-none-eabi/lib/thumb/v7e-m+fp/hard/libg_nano.a(lib_a-nano-svfprintf.o) (_realloc_r)
/usr/lib/gcc/arm-none-eabi/10.3.1/../../../arm-none-eabi/lib/thumb/v7e-m+fp/hard/libg_nano.a(lib_a-sbrkr.o)
[...]
Memory Configuration

Name             Origin             Length             Attributes
RAM              0x0000000020000000 0x0000000000018000 xrw
RAM2             0x0000000010000000 0x0000000000008000 xrw
FLASH            0x0000000008000000 0x0000000000100000 xr
*default*        0x0000000000000000 0xffffffffffffffff

Linker script and memory map

LOAD /usr/lib/gcc/arm-none-eabi/10.3.1/thumb/v7e-m+fp/hard/crti.o
LOAD /usr/lib/gcc/arm-none-eabi/10.3.1/thumb/v7e-m+fp/hard/crtbegin.o
LOAD /usr/lib/gcc/arm-none-eabi/10.3.1/../../../arm-none-eabi/lib/thumb/v7e-m+fp/hard/crt0.o
LOAD CMakeFiles/sensors_integration.dir/Core/Src/main.c.obj
LOAD CMakeFiles/sensors_integration.dir/Core/Src/stm32l4xx_it.c.obj
LOAD CMakeFiles/sensors_integration.dir/Core/Src/stm32l4xx_hal_msp.c.obj
LOAD CMakeFiles/sensors_integration.dir/Core/Src/sysmem.c.obj
LOAD CMakeFiles/sensors_integration.dir/Core/Src/syscalls.c.obj
LOAD CMakeFiles/sensors_integration.dir/startup_stm32l475xx.s.obj
LOAD CMakeFiles/sensors_integration.dir/Protocols/I2C/Src/hts221.c.obj
LOAD CMakeFiles/sensors_integration.dir/Protocols/I2C/Src/lps22hb.c.obj
LOAD CMakeFiles/sensors_integration.dir/Protocols/I2C/Src/lcd.c.obj
LOAD cmake/stm32cubemx/CMakeFiles/STM32_Drivers.dir/__/__/Core/Src/system_stm32l4xx.c.obj
LOAD cmake/stm32cubemx/CMakeFiles/STM32_Drivers.dir/__/__/Drivers/STM32L4xx_HAL_Driver/Src/stm32l4xx_hal_i2c.c.obj
LOAD cmake/stm32cubemx/CMakeFiles/STM32_Drivers.dir/__/__/Drivers/STM32L4xx_HAL_Driver/Src/stm32l4xx_hal_i2c_ex.c.obj
LOAD cmake/stm32cubemx/CMakeFiles/STM32_Drivers.dir/__/__/Drivers/STM32L4xx_HAL_Driver/Src/stm32l4xx_hal.c.obj
LOAD cmake/stm32cubemx/CMakeFiles/STM32_Drivers.dir/__/__/Drivers/STM32L4xx_HAL_Driver/Src/stm32l4xx_hal_rcc.c.obj
LOAD cmake/stm32cubemx/CMakeFiles/STM32_Drivers.dir/__/__/Drivers/STM32L4xx_HAL_Driver/Src/stm32l4xx_hal_rcc_ex.c.obj
LOAD cmake/stm32cubemx/CMakeFiles/STM32_Drivers.dir/__/__/Drivers/STM32L4xx_HAL_Driver/Src/stm32l4xx_hal_flash.c.obj
LOAD cmake/stm32cubemx/CMakeFiles/STM32_Drivers.dir/__/__/Drivers/STM32L4xx_HAL_Driver/Src/stm32l4xx_hal_flash_ex.c.obj
LOAD cmake/stm32cubemx/CMakeFiles/STM32_Drivers.dir/__/__/Drivers/STM32L4xx_HAL_Driver/Src/stm32l4xx_hal_flash_ramfunc.c.obj
LOAD cmake/stm32cubemx/CMakeFiles/STM32_Drivers.dir/__/__/Drivers/STM32L4xx_HAL_Driver/Src/stm32l4xx_hal_gpio.c.obj
LOAD cmake/stm32cubemx/CMakeFiles/STM32_Drivers.dir/__/__/Drivers/STM32L4xx_HAL_Driver/Src/stm32l4xx_hal_dma.c.obj
LOAD cmake/stm32cubemx/CMakeFiles/STM32_Drivers.dir/__/__/Drivers/STM32L4xx_HAL_Driver/Src/stm32l4xx_hal_dma_ex.c.obj
LOAD cmake/stm32cubemx/CMakeFiles/STM32_Drivers.dir/__/__/Drivers/STM32L4xx_HAL_Driver/Src/stm32l4xx_hal_pwr.c.obj
LOAD cmake/stm32cubemx/CMakeFiles/STM32_Drivers.dir/__/__/Drivers/STM32L4xx_HAL_Driver/Src/stm32l4xx_hal_pwr_ex.c.obj
LOAD cmake/stm32cubemx/CMakeFiles/STM32_Drivers.dir/__/__/Drivers/STM32L4xx_HAL_Driver/Src/stm32l4xx_hal_cortex.c.obj
LOAD cmake/stm32cubemx/CMakeFiles/STM32_Drivers.dir/__/__/Drivers/STM32L4xx_HAL_Driver/Src/stm32l4xx_hal_exti.c.obj
LOAD /usr/lib/gcc/arm-none-eabi/10.3.1/../../../arm-none-eabi/lib/thumb/v7e-m+fp/hard/libm.a
START GROUP
LOAD /usr/lib/gcc/arm-none-eabi/10.3.1/thumb/v7e-m+fp/hard/libgcc.a
LOAD /usr/lib/gcc/arm-none-eabi/10.3.1/../../../arm-none-eabi/lib/thumb/v7e-m+fp/hard/libg_nano.a
LOAD /usr/lib/gcc/arm-none-eabi/10.3.1/../../../arm-none-eabi/lib/thumb/v7e-m+fp/hard/libc_nano.a
END GROUP
START GROUP
LOAD /usr/lib/gcc/arm-none-eabi/10.3.1/thumb/v7e-m+fp/hard/libgcc.a
LOAD /usr/lib/gcc/arm-none-eabi/10.3.1/../../../arm-none-eabi/lib/thumb/v7e-m+fp/hard/libc_nano.a
END GROUP
LOAD /usr/lib/gcc/arm-none-eabi/10.3.1/thumb/v7e-m+fp/hard/crtend.o
LOAD /usr/lib/gcc/arm-none-eabi/10.3.1/thumb/v7e-m+fp/hard/crtn.o
                0x0000000020018000                _estack = (ORIGIN (RAM) + LENGTH (RAM))
                0x0000000000000200                _Min_Heap_Size = 0x200
                0x0000000000000400                _Min_Stack_Size = 0x400

.isr_vector     0x0000000008000000      0x188
                0x0000000008000000                . = ALIGN (0x8)
 *(.isr_vector)
 .isr_vector    0x0000000008000000      0x188 CMakeFiles/sensors_integration.dir/startup_stm32l475xx.s.obj
                0x0000000008000000                g_pfnVectors
                0x0000000008000188                . = ALIGN (0x8)

.text           0x0000000008000190     0x4660
                0x0000000008000190                . = ALIGN (0x8)
 *(.text)
 .text          0x0000000008000190       0x88 /usr/lib/gcc/arm-none-eabi/10.3.1/thumb/v7e-m+fp/hard/crtbegin.o
 .text          0x0000000008000218      0x378 /usr/lib/gcc/arm-none-eabi/10.3.1/thumb/v7e-m+fp/hard/libgcc.a(_arm_addsubdf3.o)
                0x0000000008000218                __aeabi_drsub
                0x0000000008000220                __aeabi_dsub
                0x0000000008000220                __subdf3
                0x0000000008000224                __adddf3
                0x0000000008000224                __aeabi_dadd
                0x000000000800049c                __aeabi_ui2d
                0x000000000800049c                __floatunsidf
                0x00000000080004bc                __floatsidf
                0x00000000080004bc                __aeabi_i2d
                0x00000000080004e0                __extendsfdf2
                0x00000000080004e0                __aeabi_f2d
                0x0000000008000524                __aeabi_ul2d
                0x0000000008000524                __floatundidf
                0x0000000008000534                __floatdidf
                0x0000000008000534                __aeabi_l2d
 .text          0x0000000008000590        0xc /usr/lib/gcc/arm-none-eabi/10.3.1/../../../arm-none-eabi/lib/thumb/v7e-m+fp/hard/libg_nano.a(lib_a-errno.o)
                0x0000000008000590                __errno
 .text          0x000000000800059c       0x48 /usr/lib/gcc/arm-none-eabi/10.3.1/../../../arm-none-eabi/lib/thumb/v7e-m+fp/hard/libg_nano.a(lib_a-init.o)
                0x000000000800059c                __libc_init_array
 .text          0x00000000080005e4       0xa4 /usr/lib/gcc/arm-none-eabi/10.3.1/../../../arm-none-eabi/lib/thumb/v7e-m+fp/hard/libg_nano.a(lib_a-memset.o)
                0x00000000080005e4                memset
 .text          0x0000000008000688       0x78 /usr/lib/gcc/arm-none-eabi/10.3.1/../../../arm-none-eabi/lib/thumb/v7e-m+fp/hard/libg_nano.a(lib_a-sprintf.o)
                0x0000000008000688                _siprintf_r
                0x0000000008000688                _sprintf_r
                0x00000000080006c0                sprintf
                0x00000000080006c0                siprintf
 .text          0x0000000008000700      0x3f0 /usr/lib/gcc/arm-none-eabi/10.3.1/../../../arm-none-eabi/lib/thumb/v7e-m+fp/hard/libg_nano.a(lib_a-nano-svfprintf.o)
                0x0000000008000700                __ssputs_r
                0x00000000080007c4                __ssprint_r
                0x00000000080008bc                _svfprintf_r
                0x00000000080008bc                _svfiprintf_r
 .text          0x0000000008000af0      0x3dc /usr/lib/gcc/arm-none-eabi/10.3.1/../../../arm-none-eabi/lib/thumb/v7e-m+fp/hard/libg_nano.a(lib_a-nano-vfprintf_i.o)
                0x0000000008000af0                _printf_common
                0x0000000008000c1c                _printf_i
 *fill*         0x0000000008000ecc        0x4 
 .text          0x0000000008000ed0       0xa0 /usr/lib/gcc/arm-none-eabi/10.3.1/../../../arm-none-eabi/lib/thumb/v7e-m+fp/hard/libg_nano.a(lib_a-memchr.o)
                0x0000000008000ed0                memchr
 .text          0x0000000008000f70      0x134 /usr/lib/gcc/arm-none-eabi/10.3.1/../../../arm-none-eabi/lib/thumb/v7e-m+fp/hard/libg_nano.a(lib_a-memcpy.o)
                0x0000000008000f70                memcpy
 .text          0x00000000080010a4       0xf8 /usr/lib/gcc/arm-none-eabi/10.3.1/../../../arm-none-eabi/lib/thumb/v7e-m+fp/hard/libg_nano.a(lib_a-memmove.o)
                0x00000000080010a4                memmove
 .text          0x000000000800119c       0xc4 /usr/lib/gcc/arm-none-eabi/10.3.1/../../../arm-none-eabi/lib/thumb/v7e-m+fp/hard/libg_nano.a(lib_a-nano-freer.o)
                0x000000000800119c                _free_r
 .text          0x0000000008001260       0xb4 /usr/lib/gcc/arm-none-eabi/10.3.1/../../../arm-none-eabi/lib/thumb/v7e-m+fp/hard/libg_nano.a(lib_a-nano-mallocr.o)
                0x0000000008001260                _malloc_r
 .text          0x0000000008001314       0x50 /usr/lib/gcc/arm-none-eabi/10.3.1/../../../arm-none-eabi/lib/thumb/v7e-m+fp/hard/libg_nano.a(lib_a-nano-reallocr.o)
                0x0000000008001314                _realloc_r
 .text          0x0000000008001364       0x24 /usr/lib/gcc/arm-none-eabi/10.3.1/../../../arm-none-eabi/lib/thumb/v7e-m+fp/hard/libg_nano.a(lib_a-sbrkr.o)
                0x0000000008001364                _sbrk_r
 .text          0x0000000008001388        0x8 /usr/lib/gcc/arm-none-eabi/10.3.1/../../../arm-none-eabi/lib/thumb/v7e-m+fp/hard/libg_nano.a(lib_a-mlock.o)
                0x0000000008001388                __malloc_lock
                0x000000000800138c                __malloc_unlock
 .text          0x0000000008001390       0x14 /usr/lib/gcc/arm-none-eabi/10.3.1/../../../arm-none-eabi/lib/thumb/v7e-m+fp/hard/libg_nano.a(lib_a-nano-msizer.o)
                0x0000000008001390                _malloc_usable_size_r
 *(.text*)
 .text.main     0x00000000080013a4      0x174 CMakeFiles/sensors_integration.dir/Core/Src/main.c.obj
                0x00000000080013a4                main
 .text.SystemClock_Config
                0x0000000008001518       0xa4 CMakeFiles/sensors_integration.dir/Core/Src/main.c.obj
                0x0000000008001518                SystemClock_Config
 .text.MX_I2C1_Init
                0x00000000080015bc       0x80 CMakeFiles/sensors_integration.dir/Core/Src/main.c.obj
 .text.MX_I2C2_Init
                0x000000000800163c       0x80 CMakeFiles/sensors_integration.dir/Core/Src/main.c.obj
 .text.MX_GPIO_Init
                0x00000000080016bc       0x30 CMakeFiles/sensors_integration.dir/Core/Src/main.c.obj
 .text.Error_Handler
                0x00000000080016ec        0xa CMakeFiles/sensors_integration.dir/Core/Src/main.c.obj
                0x00000000080016ec                Error_Handler
 .text.NMI_Handler
                0x00000000080016f6        0x6 CMakeFiles/sensors_integration.dir/Core/Src/stm32l4xx_it.c.obj
                0x00000000080016f6                NMI_Handler
 .text.HardFault_Handler
                0x00000000080016fc        0x6 CMakeFiles/sensors_integration.dir/Core/Src/stm32l4xx_it.c.obj
                0x00000000080016fc                HardFault_Handler
 .text.MemManage_Handler
                0x0000000008001702        0x6 CMakeFiles/sensors_integration.dir/Core/Src/stm32l4xx_it.c.obj
                0x0000000008001702                MemManage_Handler
 .text.BusFault_Handler
                0x0000000008001708        0x6 CMakeFiles/sensors_integration.dir/Core/Src/stm32l4xx_it.c.obj
                0x0000000008001708                BusFault_Handler
 .text.UsageFault_Handler
                0x000000000800170e        0x6 CMakeFiles/sensors_integration.dir/Core/Src/stm32l4xx_it.c.obj
                0x000000000800170e                UsageFault_Handler
 .text.SVC_Handler
                0x0000000008001714        0xe CMakeFiles/sensors_integration.dir/Core/Src/stm32l4xx_it.c.obj
                0x0000000008001714                SVC_Handler
 .text.DebugMon_Handler
                0x0000000008001722        0xe CMakeFiles/sensors_integration.dir/Core/Src/stm32l4xx_it.c.obj
                0x0000000008001722                DebugMon_Handler
 .text.PendSV_Handler
                0x0000000008001730        0xe CMakeFiles/sensors_integration.dir/Core/Src/stm32l4xx_it.c.obj
                0x0000000008001730                PendSV_Handler
 .text.SysTick_Handler
                0x000000000800173e        0xc CMakeFiles/sensors_integration.dir/Core/Src/stm32l4xx_it.c.obj
                0x000000000800173e                SysTick_Handler
 *fill*         0x000000000800174a        0x2 
 .text.HAL_MspInit
                0x000000000800174c       0x48 CMakeFiles/sensors_integration.dir/Core/Src/stm32l4xx_hal_msp.c.obj
                0x000000000800174c                HAL_MspInit
 .text.HAL_I2C_MspInit
                0x0000000008001794      0x144 CMakeFiles/sensors_integration.dir/Core/Src/stm32l4xx_hal_msp.c.obj
                0x0000000008001794                HAL_I2C_MspInit
 .text._sbrk    0x00000000080018d8       0x6c CMakeFiles/sensors_integration.dir/Core/Src/sysmem.c.obj
                0x00000000080018d8                _sbrk
 .text.Reset_Handler
                0x0000000008001944       0x50 CMakeFiles/sensors_integration.dir/startup_stm32l475xx.s.obj
                0x0000000008001944                Reset_Handler
 .text.Default_Handler
                0x0000000008001994        0x2 CMakeFiles/sensors_integration.dir/startup_stm32l475xx.s.obj
                0x0000000008001994                RTC_Alarm_IRQHandler
                0x0000000008001994                EXTI2_IRQHandler
                0x0000000008001994                TIM8_TRG_COM_IRQHandler
                0x0000000008001994                TIM8_CC_IRQHandler
                0x0000000008001994                TIM1_CC_IRQHandler
                0x0000000008001994                TSC_IRQHandler
                0x0000000008001994                TAMP_STAMP_IRQHandler
                0x0000000008001994                EXTI3_IRQHandler
                0x0000000008001994                LPTIM2_IRQHandler
                0x0000000008001994                DFSDM1_FLT1_IRQHandler
                0x0000000008001994                I2C3_ER_IRQHandler
                0x0000000008001994                DFSDM1_FLT2_IRQHandler
                0x0000000008001994                EXTI0_IRQHandler
                0x0000000008001994                I2C2_EV_IRQHandler
                0x0000000008001994                CAN1_RX0_IRQHandler
                0x0000000008001994                FPU_IRQHandler
                0x0000000008001994                TIM1_UP_TIM16_IRQHandler
                0x0000000008001994                ADC1_2_IRQHandler
                0x0000000008001994                SPI1_IRQHandler
                0x0000000008001994                TIM6_DAC_IRQHandler
                0x0000000008001994                TIM8_UP_IRQHandler
                0x0000000008001994                DMA2_Channel2_IRQHandler
                0x0000000008001994                DMA1_Channel4_IRQHandler
                0x0000000008001994                SAI2_IRQHandler
                0x0000000008001994                DFSDM1_FLT3_IRQHandler
                0x0000000008001994                USART3_IRQHandler
                0x0000000008001994                DMA1_Channel7_IRQHandler
                0x0000000008001994                CAN1_RX1_IRQHandler
                0x0000000008001994                UART5_IRQHandler
                0x0000000008001994                ADC3_IRQHandler
                0x0000000008001994                TIM4_IRQHandler
                0x0000000008001994                DMA2_Channel1_IRQHandler
                0x0000000008001994                QUADSPI_IRQHandler
                0x0000000008001994                I2C1_EV_IRQHandler
                0x0000000008001994                DMA1_Channel6_IRQHandler
                0x0000000008001994                UART4_IRQHandler
                0x0000000008001994                DMA2_Channel4_IRQHandler
                0x0000000008001994                TIM3_IRQHandler
                0x0000000008001994                RCC_IRQHandler
                0x0000000008001994                DMA1_Channel1_IRQHandler
                0x0000000008001994                Default_Handler
                0x0000000008001994                DMA2_Channel7_IRQHandler
                0x0000000008001994                EXTI15_10_IRQHandler
                0x0000000008001994                TIM7_IRQHandler
                0x0000000008001994                SDMMC1_IRQHandler
                0x0000000008001994                TIM5_IRQHandler
                0x0000000008001994                I2C3_EV_IRQHandler
                0x0000000008001994                EXTI9_5_IRQHandler
                0x0000000008001994                RTC_WKUP_IRQHandler
                0x0000000008001994                PVD_PVM_IRQHandler
                0x0000000008001994                SPI2_IRQHandler
                0x0000000008001994                CAN1_TX_IRQHandler
                0x0000000008001994                DMA2_Channel5_IRQHandler
                0x0000000008001994                DMA1_Channel5_IRQHandler
                0x0000000008001994                EXTI4_IRQHandler
                0x0000000008001994                RNG_IRQHandler
                0x0000000008001994                TIM1_TRG_COM_TIM17_IRQHandler
                0x0000000008001994                DMA1_Channel3_IRQHandler
                0x0000000008001994                COMP_IRQHandler
                0x0000000008001994                WWDG_IRQHandler
                0x0000000008001994                LPUART1_IRQHandler
                0x0000000008001994                DMA2_Channel6_IRQHandler
                0x0000000008001994                TIM2_IRQHandler
                0x0000000008001994                EXTI1_IRQHandler
                0x0000000008001994                USART2_IRQHandler
                0x0000000008001994                DFSDM1_FLT0_IRQHandler
                0x0000000008001994                I2C2_ER_IRQHandler
                0x0000000008001994                DMA1_Channel2_IRQHandler
                0x0000000008001994                TIM8_BRK_IRQHandler
                0x0000000008001994                CAN1_SCE_IRQHandler
                0x0000000008001994                FLASH_IRQHandler
                0x0000000008001994                USART1_IRQHandler
                0x0000000008001994                OTG_FS_IRQHandler
                0x0000000008001994                SPI3_IRQHandler
                0x0000000008001994                I2C1_ER_IRQHandler
                0x0000000008001994                FMC_IRQHandler
                0x0000000008001994                SWPMI1_IRQHandler
                0x0000000008001994                LPTIM1_IRQHandler
                0x0000000008001994                SAI1_IRQHandler
                0x0000000008001994                DMA2_Channel3_IRQHandler
                0x0000000008001994                TIM1_BRK_TIM15_IRQHandler
 *fill*         0x0000000008001996        0x2 
 .text.HTS221_Init
                0x0000000008001998       0x98 CMakeFiles/sensors_integration.dir/Protocols/I2C/Src/hts221.c.obj
                0x0000000008001998                HTS221_Init
 .text.HTS221_ReadTempHum
                0x0000000008001a30      0x29c CMakeFiles/sensors_integration.dir/Protocols/I2C/Src/hts221.c.obj
                0x0000000008001a30                HTS221_ReadTempHum
 .text.LPS22HB_Init
                0x0000000008001ccc       0x84 CMakeFiles/sensors_integration.dir/Protocols/I2C/Src/lps22hb.c.obj
                0x0000000008001ccc                LPS22HB_Init
 .text.LPS22HB_ReadPressure
                0x0000000008001d50       0x98 CMakeFiles/sensors_integration.dir/Protocols/I2C/Src/lps22hb.c.obj
                0x0000000008001d50                LPS22HB_ReadPressure
 .text.lcd_send
                0x0000000008001de8       0x94 CMakeFiles/sensors_integration.dir/Protocols/I2C/Src/lcd.c.obj
                0x0000000008001de8                lcd_send
 .text.lcd_send_cmd
                0x0000000008001e7c       0x1c CMakeFiles/sensors_integration.dir/Protocols/I2C/Src/lcd.c.obj
                0x0000000008001e7c                lcd_send_cmd
 .text.lcd_send_data
                0x0000000008001e98       0x1e CMakeFiles/sensors_integration.dir/Protocols/I2C/Src/lcd.c.obj
                0x0000000008001e98                lcd_send_data
 .text.lcd_init
                0x0000000008001eb6       0x62 CMakeFiles/sensors_integration.dir/Protocols/I2C/Src/lcd.c.obj
                0x0000000008001eb6                lcd_init
 .text.lcd_set_cursor
                0x0000000008001f18       0x68 CMakeFiles/sensors_integration.dir/Protocols/I2C/Src/lcd.c.obj
                0x0000000008001f18                lcd_set_cursor
 .text.lcd_print
                0x0000000008001f80       0x2a CMakeFiles/sensors_integration.dir/Protocols/I2C/Src/lcd.c.obj
                0x0000000008001f80                lcd_print
 .text.lcd_clear
                0x0000000008001faa       0x14 CMakeFiles/sensors_integration.dir/Protocols/I2C/Src/lcd.c.obj
                0x0000000008001faa                lcd_clear
 *fill*         0x0000000008001fbe        0x2 
 .text.SystemInit
                0x0000000008001fc0       0x24 cmake/stm32cubemx/CMakeFiles/STM32_Drivers.dir/__/__/Core/Src/system_stm32l4xx.c.obj
                0x0000000008001fc0                SystemInit
 .text.HAL_I2C_Init
                0x0000000008001fe4      0x136 cmake/stm32cubemx/CMakeFiles/STM32_Drivers.dir/__/__/Drivers/STM32L4xx_HAL_Driver/Src/stm32l4xx_hal_i2c.c.obj
                0x0000000008001fe4                HAL_I2C_Init
 *fill*         0x000000000800211a        0x2 
 .text.HAL_I2C_Master_Transmit
                0x000000000800211c      0x230 cmake/stm32cubemx/CMakeFiles/STM32_Drivers.dir/__/__/Drivers/STM32L4xx_HAL_Driver/Src/stm32l4xx_hal_i2c.c.obj
                0x000000000800211c                HAL_I2C_Master_Transmit
 .text.HAL_I2C_Master_Receive
                0x000000000800234c      0x1ec cmake/stm32cubemx/CMakeFiles/STM32_Drivers.dir/__/__/Drivers/STM32L4xx_HAL_Driver/Src/stm32l4xx_hal_i2c.c.obj
                0x000000000800234c                HAL_I2C_Master_Receive
 .text.I2C_Flush_TXDR
                0x0000000008002538       0x48 cmake/stm32cubemx/CMakeFiles/STM32_Drivers.dir/__/__/Drivers/STM32L4xx_HAL_Driver/Src/stm32l4xx_hal_i2c.c.obj
 .text.I2C_WaitOnFlagUntilTimeout
                0x0000000008002580       0xb2 cmake/stm32cubemx/CMakeFiles/STM32_Drivers.dir/__/__/Drivers/STM32L4xx_HAL_Driver/Src/stm32l4xx_hal_i2c.c.obj
 .text.I2C_WaitOnTXISFlagUntilTimeout
                0x0000000008002632       0x8e cmake/stm32cubemx/CMakeFiles/STM32_Drivers.dir/__/__/Drivers/STM32L4xx_HAL_Driver/Src/stm32l4xx_hal_i2c.c.obj
 .text.I2C_WaitOnSTOPFlagUntilTimeout
                0x00000000080026c0       0x86 cmake/stm32cubemx/CMakeFiles/STM32_Drivers.dir/__/__/Drivers/STM32L4xx_HAL_Driver/Src/stm32l4xx_hal_i2c.c.obj
 *fill*         0x0000000008002746        0x2 
 .text.I2C_WaitOnRXNEFlagUntilTimeout
                0x0000000008002748      0x118 cmake/stm32cubemx/CMakeFiles/STM32_Drivers.dir/__/__/Drivers/STM32L4xx_HAL_Driver/Src/stm32l4xx_hal_i2c.c.obj
 .text.I2C_IsErrorOccurred
                0x0000000008002860      0x1c0 cmake/stm32cubemx/CMakeFiles/STM32_Drivers.dir/__/__/Drivers/STM32L4xx_HAL_Driver/Src/stm32l4xx_hal_i2c.c.obj
 .text.I2C_TransferConfig
                0x0000000008002a20       0x64 cmake/stm32cubemx/CMakeFiles/STM32_Drivers.dir/__/__/Drivers/STM32L4xx_HAL_Driver/Src/stm32l4xx_hal_i2c.c.obj
 .text.HAL_I2CEx_ConfigAnalogFilter
                0x0000000008002a84       0x96 cmake/stm32cubemx/CMakeFiles/STM32_Drivers.dir/__/__/Drivers/STM32L4xx_HAL_Driver/Src/stm32l4xx_hal_i2c_ex.c.obj
                0x0000000008002a84                HAL_I2CEx_ConfigAnalogFilter
 .text.HAL_I2CEx_ConfigDigitalFilter
                0x0000000008002b1a       0x98 cmake/stm32cubemx/CMakeFiles/STM32_Drivers.dir/__/__/Drivers/STM32L4xx_HAL_Driver/Src/stm32l4xx_hal_i2c_ex.c.obj
                0x0000000008002b1a                HAL_I2CEx_ConfigDigitalFilter
 .text.HAL_Init
                0x0000000008002bb2       0x30 cmake/stm32cubemx/CMakeFiles/STM32_Drivers.dir/__/__/Drivers/STM32L4xx_HAL_Driver/Src/stm32l4xx_hal.c.obj
                0x0000000008002bb2                HAL_Init
 *fill*         0x0000000008002be2        0x2 
 .text.HAL_InitTick
                0x0000000008002be4       0x78 cmake/stm32cubemx/CMakeFiles/STM32_Drivers.dir/__/__/Drivers/STM32L4xx_HAL_Driver/Src/stm32l4xx_hal.c.obj
                0x0000000008002be4                HAL_InitTick
 .text.HAL_IncTick
                0x0000000008002c5c       0x28 cmake/stm32cubemx/CMakeFiles/STM32_Drivers.dir/__/__/Drivers/STM32L4xx_HAL_Driver/Src/stm32l4xx_hal.c.obj
                0x0000000008002c5c                HAL_IncTick
 .text.HAL_GetTick
                0x0000000008002c84       0x18 cmake/stm32cubemx/CMakeFiles/STM32_Drivers.dir/__/__/Drivers/STM32L4xx_HAL_Driver/Src/stm32l4xx_hal.c.obj
                0x0000000008002c84                HAL_GetTick
 .text.HAL_Delay
                0x0000000008002c9c       0x48 cmake/stm32cubemx/CMakeFiles/STM32_Drivers.dir/__/__/Drivers/STM32L4xx_HAL_Driver/Src/stm32l4xx_hal.c.obj
                0x0000000008002c9c                HAL_Delay
 .text.HAL_RCC_OscConfig
                0x0000000008002ce4      0x7b8 cmake/stm32cubemx/CMakeFiles/STM32_Drivers.dir/__/__/Drivers/STM32L4xx_HAL_Driver/Src/stm32l4xx_hal_rcc.c.obj
                0x0000000008002ce4                HAL_RCC_OscConfig
 .text.HAL_RCC_ClockConfig
                0x000000000800349c      0x200 cmake/stm32cubemx/CMakeFiles/STM32_Drivers.dir/__/__/Drivers/STM32L4xx_HAL_Driver/Src/stm32l4xx_hal_rcc.c.obj
                0x000000000800349c                HAL_RCC_ClockConfig
 .text.HAL_RCC_GetSysClockFreq
                0x000000000800369c      0x118 cmake/stm32cubemx/CMakeFiles/STM32_Drivers.dir/__/__/Drivers/STM32L4xx_HAL_Driver/Src/stm32l4xx_hal_rcc.c.obj
                0x000000000800369c                HAL_RCC_GetSysClockFreq
 .text.RCC_SetFlashLatencyFromMSIRange
                0x00000000080037b4       0xc0 cmake/stm32cubemx/CMakeFiles/STM32_Drivers.dir/__/__/Drivers/STM32L4xx_HAL_Driver/Src/stm32l4xx_hal_rcc.c.obj
 .text.HAL_RCCEx_PeriphCLKConfig
                0x0000000008003874      0x5d4 cmake/stm32cubemx/CMakeFiles/STM32_Drivers.dir/__/__/Drivers/STM32L4xx_HAL_Driver/Src/stm32l4xx_hal_rcc_ex.c.obj
                0x0000000008003874                HAL_RCCEx_PeriphCLKConfig
 .text.RCCEx_PLLSAI1_Config
                0x0000000008003e48      0x1e8 cmake/stm32cubemx/CMakeFiles/STM32_Drivers.dir/__/__/Drivers/STM32L4xx_HAL_Driver/Src/stm32l4xx_hal_rcc_ex.c.obj
 .text.RCCEx_PLLSAI2_Config
                0x0000000008004030      0x1bc cmake/stm32cubemx/CMakeFiles/STM32_Drivers.dir/__/__/Drivers/STM32L4xx_HAL_Driver/Src/stm32l4xx_hal_rcc_ex.c.obj
 .text.HAL_GPIO_Init
                0x00000000080041ec      0x354 cmake/stm32cubemx/CMakeFiles/STM32_Drivers.dir/__/__/Drivers/STM32L4xx_HAL_Driver/Src/stm32l4xx_hal_gpio.c.obj
                0x00000000080041ec                HAL_GPIO_Init
 .text.HAL_PWREx_GetVoltageRange
                0x0000000008004540       0x1c cmake/stm32cubemx/CMakeFiles/STM32_Drivers.dir/__/__/Drivers/STM32L4xx_HAL_Driver/Src/stm32l4xx_hal_pwr_ex.c.obj
                0x0000000008004540                HAL_PWREx_GetVoltageRange
 .text.HAL_PWREx_ControlVoltageScaling
                0x000000000800455c       0xac cmake/stm32cubemx/CMakeFiles/STM32_Drivers.dir/__/__/Drivers/STM32L4xx_HAL_Driver/Src/stm32l4xx_hal_pwr_ex.c.obj
                0x000000000800455c                HAL_PWREx_ControlVoltageScaling
 .text.__NVIC_SetPriorityGrouping
                0x0000000008004608       0x48 cmake/stm32cubemx/CMakeFiles/STM32_Drivers.dir/__/__/Drivers/STM32L4xx_HAL_Driver/Src/stm32l4xx_hal_cortex.c.obj
 .text.__NVIC_GetPriorityGrouping
                0x0000000008004650       0x1c cmake/stm32cubemx/CMakeFiles/STM32_Drivers.dir/__/__/Drivers/STM32L4xx_HAL_Driver/Src/stm32l4xx_hal_cortex.c.obj
 .text.__NVIC_SetPriority
                0x000000000800466c       0x54 cmake/stm32cubemx/CMakeFiles/STM32_Drivers.dir/__/__/Drivers/STM32L4xx_HAL_Driver/Src/stm32l4xx_hal_cortex.c.obj
 .text.NVIC_EncodePriority
                0x00000000080046c0       0x66 cmake/stm32cubemx/CMakeFiles/STM32_Drivers.dir/__/__/Drivers/STM32L4xx_HAL_Driver/Src/stm32l4xx_hal_cortex.c.obj
 *fill*         0x0000000008004726        0x2 
 .text.SysTick_Config
                0x0000000008004728       0x44 cmake/stm32cubemx/CMakeFiles/STM32_Drivers.dir/__/__/Drivers/STM32L4xx_HAL_Driver/Src/stm32l4xx_hal_cortex.c.obj
 .text.HAL_NVIC_SetPriorityGrouping
                0x000000000800476c       0x16 cmake/stm32cubemx/CMakeFiles/STM32_Drivers.dir/__/__/Drivers/STM32L4xx_HAL_Driver/Src/stm32l4xx_hal_cortex.c.obj
                0x000000000800476c                HAL_NVIC_SetPriorityGrouping
 .text.HAL_NVIC_SetPriority
                0x0000000008004782       0x38 cmake/stm32cubemx/CMakeFiles/STM32_Drivers.dir/__/__/Drivers/STM32L4xx_HAL_Driver/Src/stm32l4xx_hal_cortex.c.obj
                0x0000000008004782                HAL_NVIC_SetPriority
 .text.HAL_SYSTICK_Config
                0x00000000080047ba       0x18 cmake/stm32cubemx/CMakeFiles/STM32_Drivers.dir/__/__/Drivers/STM32L4xx_HAL_Driver/Src/stm32l4xx_hal_cortex.c.obj
                0x00000000080047ba                HAL_SYSTICK_Config
 *(.glue_7)
 .glue_7        0x00000000080047d2        0x0 linker stubs
 *(.glue_7t)
 .glue_7t       0x00000000080047d2        0x0 linker stubs
 *(.eh_frame)
 *fill*         0x00000000080047d2        0x2 
 .eh_frame      0x00000000080047d4        0x0 /usr/lib/gcc/arm-none-eabi/10.3.1/thumb/v7e-m+fp/hard/crtbegin.o
 *(.init)
 .init          0x00000000080047d4        0x4 /usr/lib/gcc/arm-none-eabi/10.3.1/thumb/v7e-m+fp/hard/crti.o
                0x00000000080047d4                _init
 .init          0x00000000080047d8        0x8 /usr/lib/gcc/arm-none-eabi/10.3.1/thumb/v7e-m+fp/hard/crtn.o
 *(.fini)
 .fini          0x00000000080047e0        0x4 /usr/lib/gcc/arm-none-eabi/10.3.1/thumb/v7e-m+fp/hard/crti.o
                0x00000000080047e0                _fini
 .fini          0x00000000080047e4        0x8 /usr/lib/gcc/arm-none-eabi/10.3.1/thumb/v7e-m+fp/hard/crtn.o
                0x00000000080047f0                . = ALIGN (0x8)
 *fill*         0x00000000080047ec        0x4 
                0x00000000080047f0                _etext = .

.vfp11_veneer   0x00000000080047f0        0x0
 .vfp11_veneer  0x00000000080047f0        0x0 linker stubs

.v4_bx          0x00000000080047f0        0x0
 .v4_bx         0x00000000080047f0        0x0 linker stubs

.iplt           0x00000000080047f0        0x0
 .iplt          0x00000000080047f0        0x0 /usr/lib/gcc/arm-none-eabi/10.3.1/thumb/v7e-m+fp/hard/crtbegin.o

.rodata         0x00000000080047f0       0xe0
                0x00000000080047f0                . = ALIGN (0x8)
 *(.rodata)
 .rodata        0x00000000080047f0       0x5e CMakeFiles/sensors_integration.dir/Core/Src/main.c.obj
 *(.rodata*)
 *fill*         0x000000000800484e        0x2 
 .rodata.AHBPrescTable
                0x0000000008004850       0x10 cmake/stm32cubemx/CMakeFiles/STM32_Drivers.dir/__/__/Core/Src/system_stm32l4xx.c.obj
                0x0000000008004850                AHBPrescTable
 .rodata.MSIRangeTable
                0x0000000008004860       0x30 cmake/stm32cubemx/CMakeFiles/STM32_Drivers.dir/__/__/Core/Src/system_stm32l4xx.c.obj
                0x0000000008004860                MSIRangeTable
 .rodata.str1.4
                0x0000000008004890       0x13 /usr/lib/gcc/arm-none-eabi/10.3.1/../../../arm-none-eabi/lib/thumb/v7e-m+fp/hard/libg_nano.a(lib_a-nano-svfprintf.o)
 *fill*         0x00000000080048a3        0x1 
 .rodata.str1.4
                0x00000000080048a4       0x25 /usr/lib/gcc/arm-none-eabi/10.3.1/../../../arm-none-eabi/lib/thumb/v7e-m+fp/hard/libg_nano.a(lib_a-nano-vfprintf_i.o)
                0x00000000080048d0                . = ALIGN (0x8)
 *fill*         0x00000000080048c9        0x7 

.ARM.extab      0x00000000080048d0        0x0
                0x00000000080048d0                . = ALIGN (0x8)
 *(.ARM.extab* .gnu.linkonce.armextab.*)
                0x00000000080048d0                . = ALIGN (0x8)

.ARM            0x00000000080048d0        0x0
                0x00000000080048d0                . = ALIGN (0x8)
                0x00000000080048d0                __exidx_start = .
 *(.ARM.exidx*)
                0x00000000080048d0                __exidx_end = .
                0x00000000080048d0                . = ALIGN (0x8)

.preinit_array  0x00000000080048d0        0x0
                0x00000000080048d0                . = ALIGN (0x8)
                0x00000000080048d0                PROVIDE (__preinit_array_start = .)
 *(.preinit_array*)
                0x00000000080048d0                PROVIDE (__preinit_array_end = .)
                0x00000000080048d0                . = ALIGN (0x8)

.init_array     0x00000000080048d0        0x8
                0x00000000080048d0                . = ALIGN (0x8)
                0x00000000080048d0                PROVIDE (__init_array_start = .)
 *(SORT_BY_NAME(.init_array.*))
 *(.init_array*)
 .init_array    0x00000000080048d0        0x4 /usr/lib/gcc/arm-none-eabi/10.3.1/thumb/v7e-m+fp/hard/crtbegin.o
                0x00000000080048d4                PROVIDE (__init_array_end = .)
                0x00000000080048d8                . = ALIGN (0x8)
 *fill*         0x00000000080048d4        0x4 

.fini_array     0x00000000080048d8        0x8
                0x00000000080048d8                . = ALIGN (0x8)
                0x00000000080048d8                PROVIDE (__fini_array_start = .)
 *(SORT_BY_NAME(.fini_array.*))
 *(.fini_array*)
 .fini_array    0x00000000080048d8        0x4 /usr/lib/gcc/arm-none-eabi/10.3.1/thumb/v7e-m+fp/hard/crtbegin.o
                0x00000000080048dc                PROVIDE (__fini_array_end = .)
                0x00000000080048e0                . = ALIGN (0x8)
 *fill*         0x00000000080048dc        0x4 
                0x00000000080048e0                _sidata = LOADADDR (.data)

.rel.dyn        0x00000000080048e0        0x0
 .rel.iplt      0x00000000080048e0        0x0 /usr/lib/gcc/arm-none-eabi/10.3.1/thumb/v7e-m+fp/hard/crtbegin.o

.data           0x0000000020000000       0x70 load address 0x00000000080048e0
                0x0000000020000000                . = ALIGN (0x8)
                0x0000000020000000                _sdata = .
 *(.data)
 .data          0x0000000020000000       0x64 /usr/lib/gcc/arm-none-eabi/10.3.1/../../../arm-none-eabi/lib/thumb/v7e-m+fp/hard/libg_nano.a(lib_a-impure.o)
                0x0000000020000000                _impure_ptr
 *(.data*)
 .data.SystemCoreClock
                0x0000000020000064        0x4 cmake/stm32cubemx/CMakeFiles/STM32_Drivers.dir/__/__/Core/Src/system_stm32l4xx.c.obj
                0x0000000020000064                SystemCoreClock
 .data.uwTickPrio
                0x0000000020000068        0x4 cmake/stm32cubemx/CMakeFiles/STM32_Drivers.dir/__/__/Drivers/STM32L4xx_HAL_Driver/Src/stm32l4xx_hal.c.obj
                0x0000000020000068                uwTickPrio
 .data.uwTickFreq
                0x000000002000006c        0x1 cmake/stm32cubemx/CMakeFiles/STM32_Drivers.dir/__/__/Drivers/STM32L4xx_HAL_Driver/Src/stm32l4xx_hal.c.obj
                0x000000002000006c                uwTickFreq
 *(.RamFunc)
 *(.RamFunc*)
                0x0000000020000070                . = ALIGN (0x8)
 *fill*         0x000000002000006d        0x3 

.tm_clone_table
                0x0000000020000070        0x0 load address 0x0000000008004950
 .tm_clone_table
                0x0000000020000070        0x0 /usr/lib/gcc/arm-none-eabi/10.3.1/thumb/v7e-m+fp/hard/crtbegin.o
 .tm_clone_table
                0x0000000020000070        0x0 /usr/lib/gcc/arm-none-eabi/10.3.1/thumb/v7e-m+fp/hard/crtend.o

.igot.plt       0x0000000020000070        0x0 load address 0x0000000008004950
 .igot.plt      0x0000000020000070        0x0 /usr/lib/gcc/arm-none-eabi/10.3.1/thumb/v7e-m+fp/hard/crtbegin.o

.tdata          0x0000000020000070        0x0 load address 0x0000000008004950
 *(.tdata .tdata.* .gnu.linkonce.td.*)
                0x0000000020000070                . = ALIGN (0x4)
                0x0000000020000070                _edata = .
                [!provide]                        PROVIDE (__data_end = .)
                [!provide]                        PROVIDE (__tdata_end = .)
                [!provide]                        PROVIDE (__tdata_start = ADDR (.tdata))
                [!provide]                        PROVIDE (__tdata_size = (__tdata_end - __tdata_start))
                [!provide]                        PROVIDE (__data_start = ADDR (.data))
                [!provide]                        PROVIDE (__data_size = (__data_end - __data_start))
                [!provide]                        PROVIDE (__tdata_source = LOADADDR (.tdata))
                [!provide]                        PROVIDE (__tdata_source_end = (LOADADDR (.tdata) + SIZEOF (.tdata)))
                [!provide]                        PROVIDE (__tdata_source_size = (__tdata_source_end - __tdata_source))
                [!provide]                        PROVIDE (__data_source = LOADADDR (.data))
                [!provide]                        PROVIDE (__data_source_end = __tdata_source_end)
                [!provide]                        PROVIDE (__data_source_size = (__data_source_end - __data_source))

.tbss           0x0000000020000070        0x0 load address 0x0000000008004950
                0x0000000020000070                _sbss = .
                0x0000000020000070                __bss_start__ = _sbss
 *(.tbss .tbss.*)
                0x0000000020000070                . = ALIGN (0x4)
                [!provide]                        PROVIDE (__tbss_end = .)
                [!provide]                        PROVIDE (__tbss_start = ADDR (.tbss))
                [!provide]                        PROVIDE (__tbss_size = (__tbss_end - __tbss_start))
                [!provide]                        PROVIDE (__tbss_offset = (ADDR (.tbss) - ADDR (.tdata)))
                [!provide]                        PROVIDE (__tls_base = __tdata_start)
                [!provide]                        PROVIDE (__tls_end = __tbss_end)
                [!provide]                        PROVIDE (__tls_size = (__tls_end - __tls_base))
                [!provide]                        PROVIDE (__tls_align = MAX (ALIGNOF (.tdata), ALIGNOF (.tbss)))
                [!provide]                        PROVIDE (__tls_size_align = (((__tls_size + __tls_align) - 0x1) & ~ ((__tls_align - 0x1))))
                [!provide]                        PROVIDE (__arm32_tls_tcb_offset = MAX (0x8, __tls_align))
                [!provide]                        PROVIDE (__arm64_tls_tcb_offset = MAX (0x10, __tls_align))

.bss            0x0000000020000070       0xe4 load address 0x0000000008004950
 *(.bss)
 .bss           0x0000000020000070       0x1c /usr/lib/gcc/arm-none-eabi/10.3.1/thumb/v7e-m+fp/hard/crtbegin.o
 .bss           0x000000002000008c        0x8 /usr/lib/gcc/arm-none-eabi/10.3.1/../../../arm-none-eabi/lib/thumb/v7e-m+fp/hard/libg_nano.a(lib_a-nano-mallocr.o)
                0x000000002000008c                __malloc_free_list
                0x0000000020000090                __malloc_sbrk_start
 .bss           0x0000000020000094        0x4 /usr/lib/gcc/arm-none-eabi/10.3.1/../../../arm-none-eabi/lib/thumb/v7e-m+fp/hard/libg_nano.a(lib_a-reent.o)
                0x0000000020000094                errno
 *(.bss*)
 .bss.hi2c1     0x0000000020000098       0x54 CMakeFiles/sensors_integration.dir/Core/Src/main.c.obj
                0x0000000020000098                hi2c1
 .bss.hi2c2     0x00000000200000ec       0x54 CMakeFiles/sensors_integration.dir/Core/Src/main.c.obj
                0x00000000200000ec                hi2c2
 .bss.temp      0x0000000020000140        0x4 CMakeFiles/sensors_integration.dir/Core/Src/main.c.obj
                0x0000000020000140                temp
 .bss.hum       0x0000000020000144        0x4 CMakeFiles/sensors_integration.dir/Core/Src/main.c.obj
                0x0000000020000144                hum
 .bss.press     0x0000000020000148        0x4 CMakeFiles/sensors_integration.dir/Core/Src/main.c.obj
                0x0000000020000148                press
 .bss.__sbrk_heap_end
                0x000000002000014c        0x4 CMakeFiles/sensors_integration.dir/Core/Src/sysmem.c.obj
 .bss.uwTick    0x0000000020000150        0x4 cmake/stm32cubemx/CMakeFiles/STM32_Drivers.dir/__/__/Drivers/STM32L4xx_HAL_Driver/Src/stm32l4xx_hal.c.obj
                0x0000000020000150                uwTick
 *(COMMON)
                0x0000000020000154                . = ALIGN (0x4)
                0x0000000020000154                _ebss = .
                0x0000000020000154                __bss_end__ = _ebss
                [!provide]                        PROVIDE (__bss_end = .)
                [!provide]                        PROVIDE (__non_tls_bss_start = ADDR (.bss))
                [!provide]                        PROVIDE (__bss_start = __tbss_start)
                [!provide]                        PROVIDE (__bss_size = (__bss_end - __bss_start))

._user_heap_stack
                0x0000000020000154      0x604 load address 0x0000000008004950
                0x0000000020000158                . = ALIGN (0x8)
 *fill*         0x0000000020000154        0x4 
                [!provide]                        PROVIDE (end = .)
                0x0000000020000158                PROVIDE (_end = .)
                0x0000000020000358                . = (. + _Min_Heap_Size)
 *fill*         0x0000000020000158      0x200 
                0x0000000020000758                . = (. + _Min_Stack_Size)
 *fill*         0x0000000020000358      0x400 
                0x0000000020000758                . = ALIGN (0x8)

/DISCARD/
 libc.a:*(*)
 libm.a:*(*)
 libgcc.a:*(*)
OUTPUT(sensors_integration.elf elf32-littlearm)
LOAD linker stubs

.ARM.attributes
                0x0000000000000000       0x30
 .ARM.attributes
                0x0000000000000000       0x1e /usr/lib/gcc/arm-none-eabi/10.3.1/thumb/v7e-m+fp/hard/crti.o
 .ARM.attributes
                0x000000000000001e       0x34 /usr/lib/gcc/arm-none-eabi/10.3.1/thumb/v7e-m+fp/hard/crtbegin.o
 .ARM.attributes
                0x0000000000000052       0x34 CMakeFiles/sensors_integration.dir/Core/Src/main.c.obj
 .ARM.attributes
                0x0000000000000086       0x34 CMakeFiles/sensors_integration.dir/Core/Src/stm32l4xx_it.c.obj
 .ARM.attributes
                0x00000000000000ba       0x34 CMakeFiles/sensors_integration.dir/Core/Src/stm32l4xx_hal_msp.c.obj
 .ARM.attributes
                0x00000000000000ee       0x34 CMakeFiles/sensors_integration.dir/Core/Src/sysmem.c.obj
 .ARM.attributes
                0x0000000000000122       0x21 CMakeFiles/sensors_integration.dir/startup_stm32l475xx.s.obj
 .ARM.attributes
                0x0000000000000143       0x34 CMakeFiles/sensors_integration.dir/Protocols/I2C/Src/hts221.c.obj
 .ARM.attributes
                0x0000000000000177       0x34 CMakeFiles/sensors_integration.dir/Protocols/I2C/Src/lps22hb.c.obj
 .ARM.attributes
                0x00000000000001ab       0x34 CMakeFiles/sensors_integration.dir/Protocols/I2C/Src/lcd.c.obj
 .ARM.attributes
                0x00000000000001df       0x34 cmake/stm32cubemx/CMakeFiles/STM32_Drivers.dir/__/__/Core/Src/system_stm32l4xx.c.obj
 .ARM.attributes
                0x0000000000000213       0x34 cmake/stm32cubemx/CMakeFiles/STM32_Drivers.dir/__/__/Drivers/STM32L4xx_HAL_Driver/Src/stm32l4xx_hal_i2c.c.obj
 .ARM.attributes
                0x0000000000000247       0x34 cmake/stm32cubemx/CMakeFiles/STM32_Drivers.dir/__/__/Drivers/STM32L4xx_HAL_Driver/Src/stm32l4xx_hal_i2c_ex.c.obj
 .ARM.attributes
                0x000000000000027b       0x34 cmake/stm32cubemx/CMakeFiles/STM32_Drivers.dir/__/__/Drivers/STM32L4xx_HAL_Driver/Src/stm32l4xx_hal.c.obj
 .ARM.attributes
                0x00000000000002af       0x34 cmake/stm32cubemx/CMakeFiles/STM32_Drivers.dir/__/__/Drivers/STM32L4xx_HAL_Driver/Src/stm32l4xx_hal_rcc.c.obj
 .ARM.attributes
                0x00000000000002e3       0x34 cmake/stm32cubemx/CMakeFiles/STM32_Drivers.dir/__/__/Drivers/STM32L4xx_HAL_Driver/Src/stm32l4xx_hal_rcc_ex.c.obj
 .ARM.attributes
                0x0000000000000317       0x34 cmake/stm32cubemx/CMakeFiles/STM32_Drivers.dir/__/__/Drivers/STM32L4xx_HAL_Driver/Src/stm32l4xx_hal_gpio.c.obj
 .ARM.attributes
                0x000000000000034b       0x34 cmake/stm32cubemx/CMakeFiles/STM32_Drivers.dir/__/__/Drivers/STM32L4xx_HAL_Driver/Src/stm32l4xx_hal_pwr_ex.c.obj
 .ARM.attributes
                0x000000000000037f       0x34 cmake/stm32cubemx/CMakeFiles/STM32_Drivers.dir/__/__/Drivers/STM32L4xx_HAL_Driver/Src/stm32l4xx_hal_cortex.c.obj
 .ARM.attributes
                0x00000000000003b3       0x1e /usr/lib/gcc/arm-none-eabi/10.3.1/thumb/v7e-m+fp/hard/libgcc.a(_arm_addsubdf3.o)
 .ARM.attributes
                0x00000000000003d1       0x34 /usr/lib/gcc/arm-none-eabi/10.3.1/../../../arm-none-eabi/lib/thumb/v7e-m+fp/hard/libg_nano.a(lib_a-errno.o)
 .ARM.attributes
                0x0000000000000405       0x32 /usr/lib/gcc/arm-none-eabi/10.3.1/../../../arm-none-eabi/lib/thumb/v7e-m+fp/hard/libg_nano.a(lib_a-impure.o)
 .ARM.attributes
                0x0000000000000437       0x34 /usr/lib/gcc/arm-none-eabi/10.3.1/../../../arm-none-eabi/lib/thumb/v7e-m+fp/hard/libg_nano.a(lib_a-init.o)
 .ARM.attributes
                0x000000000000046b       0x34 /usr/lib/gcc/arm-none-eabi/10.3.1/../../../arm-none-eabi/lib/thumb/v7e-m+fp/hard/libg_nano.a(lib_a-memset.o)
 .ARM.attributes
                0x000000000000049f       0x34 /usr/lib/gcc/arm-none-eabi/10.3.1/../../../arm-none-eabi/lib/thumb/v7e-m+fp/hard/libg_nano.a(lib_a-sprintf.o)
 .ARM.attributes
                0x00000000000004d3       0x34 /usr/lib/gcc/arm-none-eabi/10.3.1/../../../arm-none-eabi/lib/thumb/v7e-m+fp/hard/libg_nano.a(lib_a-nano-svfprintf.o)
 .ARM.attributes
                0x0000000000000507       0x34 /usr/lib/gcc/arm-none-eabi/10.3.1/../../../arm-none-eabi/lib/thumb/v7e-m+fp/hard/libg_nano.a(lib_a-nano-vfprintf_i.o)
 .ARM.attributes
                0x000000000000053b       0x1c /usr/lib/gcc/arm-none-eabi/10.3.1/../../../arm-none-eabi/lib/thumb/v7e-m+fp/hard/libg_nano.a(lib_a-memchr.o)
 .ARM.attributes
                0x0000000000000557       0x1c /usr/lib/gcc/arm-none-eabi/10.3.1/../../../arm-none-eabi/lib/thumb/v7e-m+fp/hard/libg_nano.a(lib_a-memcpy.o)
 .ARM.attributes
                0x0000000000000573       0x34 /usr/lib/gcc/arm-none-eabi/10.3.1/../../../arm-none-eabi/lib/thumb/v7e-m+fp/hard/libg_nano.a(lib_a-memmove.o)
 .ARM.attributes
                0x00000000000005a7       0x34 /usr/lib/gcc/arm-none-eabi/10.3.1/../../../arm-none-eabi/lib/thumb/v7e-m+fp/hard/libg_nano.a(lib_a-nano-freer.o)
 .ARM.attributes
                0x00000000000005db       0x34 /usr/lib/gcc/arm-none-eabi/10.3.1/../../../arm-none-eabi/lib/thumb/v7e-m+fp/hard/libg_nano.a(lib_a-nano-mallocr.o)
 .ARM.attributes
                0x000000000000060f       0x34 /usr/lib/gcc/arm-none-eabi/10.3.1/../../../arm-none-eabi/lib/thumb/v7e-m+fp/hard/libg_nano.a(lib_a-nano-reallocr.o)
 .ARM.attributes
                0x0000000000000643       0x34 /usr/lib/gcc/arm-none-eabi/10.3.1/../../../arm-none-eabi/lib/thumb/v7e-m+fp/hard/libg_nano.a(lib_a-sbrkr.o)
 .ARM.attributes
                0x0000000000000677       0x34 /usr/lib/gcc/arm-none-eabi/10.3.1/../../../arm-none-eabi/lib/thumb/v7e-m+fp/hard/libg_nano.a(lib_a-mlock.o)
 .ARM.attributes
                0x00000000000006ab       0x34 /usr/lib/gcc/arm-none-eabi/10.3.1/../../../arm-none-eabi/lib/thumb/v7e-m+fp/hard/libg_nano.a(lib_a-nano-msizer.o)
 .ARM.attributes
                0x00000000000006df       0x34 /usr/lib/gcc/arm-none-eabi/10.3.1/../../../arm-none-eabi/lib/thumb/v7e-m+fp/hard/libg_nano.a(lib_a-reent.o)
 .ARM.attributes
                0x0000000000000713       0x32 /usr/lib/gcc/arm-none-eabi/10.3.1/thumb/v7e-m+fp/hard/crtend.o
 .ARM.attributes
                0x0000000000000745       0x1e /usr/lib/gcc/arm-none-eabi/10.3.1/thumb/v7e-m+fp/hard/crtn.o

.comment        0x0000000000000000       0x33
 .comment       0x0000000000000000       0x33 /usr/lib/gcc/arm-none-eabi/10.3.1/thumb/v7e-m+fp/hard/crtbegin.o
                                         0x34 (size before relaxing)
 .comment       0x0000000000000033       0x34 CMakeFiles/sensors_integration.dir/Core/Src/main.c.obj
 .comment       0x0000000000000033       0x34 CMakeFiles/sensors_integration.dir/Core/Src/stm32l4xx_it.c.obj
 .comment       0x0000000000000033       0x34 CMakeFiles/sensors_integration.dir/Core/Src/stm32l4xx_hal_msp.c.obj
 .comment       0x0000000000000033       0x34 CMakeFiles/sensors_integration.dir/Core/Src/sysmem.c.obj
 .comment       0x0000000000000033       0x34 CMakeFiles/sensors_integration.dir/Protocols/I2C/Src/hts221.c.obj
 .comment       0x0000000000000033       0x34 CMakeFiles/sensors_integration.dir/Protocols/I2C/Src/lps22hb.c.obj
 .comment       0x0000000000000033       0x34 CMakeFiles/sensors_integration.dir/Protocols/I2C/Src/lcd.c.obj
 .comment       0x0000000000000033       0x34 cmake/stm32cubemx/CMakeFiles/STM32_Drivers.dir/__/__/Core/Src/system_stm32l4xx.c.obj
 .comment       0x0000000000000033       0x34 cmake/stm32cubemx/CMakeFiles/STM32_Drivers.dir/__/__/Drivers/STM32L4xx_HAL_Driver/Src/stm32l4xx_hal_i2c.c.obj
 .comment       0x0000000000000033       0x34 cmake/stm32cubemx/CMakeFiles/STM32_Drivers.dir/__/__/Drivers/STM32L4xx_HAL_Driver/Src/stm32l4xx_hal_i2c_ex.c.obj
 .comment       0x0000000000000033       0x34 cmake/stm32cubemx/CMakeFiles/STM32_Drivers.dir/__/__/Drivers/STM32L4xx_HAL_Driver/Src/stm32l4xx_hal.c.obj
 .comment       0x0000000000000033       0x34 cmake/stm32cubemx/CMakeFiles/STM32_Drivers.dir/__/__/Drivers/STM32L4xx_HAL_Driver/Src/stm32l4xx_hal_rcc.c.obj
 .comment       0x0000000000000033       0x34 cmake/stm32cubemx/CMakeFiles/STM32_Drivers.dir/__/__/Drivers/STM32L4xx_HAL_Driver/Src/stm32l4xx_hal_rcc_ex.c.obj
 .comment       0x0000000000000033       0x34 cmake/stm32cubemx/CMakeFiles/STM32_Drivers.dir/__/__/Drivers/STM32L4xx_HAL_Driver/Src/stm32l4xx_hal_gpio.c.obj
 .comment       0x0000000000000033       0x34 cmake/stm32cubemx/CMakeFiles/STM32_Drivers.dir/__/__/Drivers/STM32L4xx_HAL_Driver/Src/stm32l4xx_hal_pwr_ex.c.obj
 .comment       0x0000000000000033       0x34 cmake/stm32cubemx/CMakeFiles/STM32_Drivers.dir/__/__/Drivers/STM32L4xx_HAL_Driver/Src/stm32l4xx_hal_cortex.c.obj
 .comment       0x0000000000000033       0x34 /usr/lib/gcc/arm-none-eabi/10.3.1/../../../arm-none-eabi/lib/thumb/v7e-m+fp/hard/libg_nano.a(lib_a-errno.o)
 .comment       0x0000000000000033       0x34 /usr/lib/gcc/arm-none-eabi/10.3.1/../../../arm-none-eabi/lib/thumb/v7e-m+fp/hard/libg_nano.a(lib_a-impure.o)
 .comment       0x0000000000000033       0x34 /usr/lib/gcc/arm-none-eabi/10.3.1/../../../arm-none-eabi/lib/thumb/v7e-m+fp/hard/libg_nano.a(lib_a-init.o)
 .comment       0x0000000000000033       0x34 /usr/lib/gcc/arm-none-eabi/10.3.1/../../../arm-none-eabi/lib/thumb/v7e-m+fp/hard/libg_nano.a(lib_a-memset.o)
 .comment       0x0000000000000033       0x34 /usr/lib/gcc/arm-none-eabi/10.3.1/../../../arm-none-eabi/lib/thumb/v7e-m+fp/hard/libg_nano.a(lib_a-sprintf.o)
 .comment       0x0000000000000033       0x34 /usr/lib/gcc/arm-none-eabi/10.3.1/../../../arm-none-eabi/lib/thumb/v7e-m+fp/hard/libg_nano.a(lib_a-nano-svfprintf.o)
 .comment       0x0000000000000033       0x34 /usr/lib/gcc/arm-none-eabi/10.3.1/../../../arm-none-eabi/lib/thumb/v7e-m+fp/hard/libg_nano.a(lib_a-nano-vfprintf_i.o)
 .comment       0x0000000000000033       0x34 /usr/lib/gcc/arm-none-eabi/10.3.1/../../../arm-none-eabi/lib/thumb/v7e-m+fp/hard/libg_nano.a(lib_a-memmove.o)
 .comment       0x0000000000000033       0x34 /usr/lib/gcc/arm-none-eabi/10.3.1/../../../arm-none-eabi/lib/thumb/v7e-m+fp/hard/libg_nano.a(lib_a-nano-freer.o)
 .comment       0x0000000000000033       0x34 /usr/lib/gcc/arm-none-eabi/10.3.1/../../../arm-none-eabi/lib/thumb/v7e-m+fp/hard/libg_nano.a(lib_a-nano-mallocr.o)
 .comment       0x0000000000000033       0x34 /usr/lib/gcc/arm-none-eabi/10.3.1/../../../arm-none-eabi/lib/thumb/v7e-m+fp/hard/libg_nano.a(lib_a-nano-reallocr.o)
 .comment       0x0000000000000033       0x34 /usr/lib/gcc/arm-none-eabi/10.3.1/../../../arm-none-eabi/lib/thumb/v7e-m+fp/hard/libg_nano.a(lib_a-sbrkr.o)
 .comment       0x0000000000000033       0x34 /usr/lib/gcc/arm-none-eabi/10.3.1/../../../arm-none-eabi/lib/thumb/v7e-m+fp/hard/libg_nano.a(lib_a-mlock.o)
 .comment       0x0000000000000033       0x34 /usr/lib/gcc/arm-none-eabi/10.3.1/../../../arm-none-eabi/lib/thumb/v7e-m+fp/hard/libg_nano.a(lib_a-nano-msizer.o)
 .comment       0x0000000000000033       0x34 /usr/lib/gcc/arm-none-eabi/10.3.1/../../../arm-none-eabi/lib/thumb/v7e-m+fp/hard/libg_nano.a(lib_a-reent.o)
 .comment       0x0000000000000033       0x34 /usr/lib/gcc/arm-none-eabi/10.3.1/thumb/v7e-m+fp/hard/crtend.o

.debug_info     0x0000000000000000    0x12457
 .debug_info    0x0000000000000000      0xb22 CMakeFiles/sensors_integration.dir/Core/Src/main.c.obj
 .debug_info    0x0000000000000b22      0x119 CMakeFiles/sensors_integration.dir/Core/Src/stm32l4xx_it.c.obj
 .debug_info    0x0000000000000c3b      0xc90 CMakeFiles/sensors_integration.dir/Core/Src/stm32l4xx_hal_msp.c.obj
 .debug_info    0x00000000000018cb      0x147 CMakeFiles/sensors_integration.dir/Core/Src/sysmem.c.obj
 .debug_info    0x0000000000001a12       0x22 CMakeFiles/sensors_integration.dir/startup_stm32l475xx.s.obj
 .debug_info    0x0000000000001a34      0x877 CMakeFiles/sensors_integration.dir/Protocols/I2C/Src/hts221.c.obj
 .debug_info    0x00000000000022ab      0x6da CMakeFiles/sensors_integration.dir/Protocols/I2C/Src/lps22hb.c.obj
 .debug_info    0x0000000000002985      0x7c0 CMakeFiles/sensors_integration.dir/Protocols/I2C/Src/lcd.c.obj
 .debug_info    0x0000000000003145      0x5ae cmake/stm32cubemx/CMakeFiles/STM32_Drivers.dir/__/__/Core/Src/system_stm32l4xx.c.obj
 .debug_info    0x00000000000036f3     0x227c cmake/stm32cubemx/CMakeFiles/STM32_Drivers.dir/__/__/Drivers/STM32L4xx_HAL_Driver/Src/stm32l4xx_hal_i2c.c.obj
 .debug_info    0x000000000000596f      0xa15 cmake/stm32cubemx/CMakeFiles/STM32_Drivers.dir/__/__/Drivers/STM32L4xx_HAL_Driver/Src/stm32l4xx_hal_i2c_ex.c.obj
 .debug_info    0x0000000000006384      0xad0 cmake/stm32cubemx/CMakeFiles/STM32_Drivers.dir/__/__/Drivers/STM32L4xx_HAL_Driver/Src/stm32l4xx_hal.c.obj
 .debug_info    0x0000000000006e54      0xc74 cmake/stm32cubemx/CMakeFiles/STM32_Drivers.dir/__/__/Drivers/STM32L4xx_HAL_Driver/Src/stm32l4xx_hal_rcc.c.obj
 .debug_info    0x0000000000007ac8      0xe10 cmake/stm32cubemx/CMakeFiles/STM32_Drivers.dir/__/__/Drivers/STM32L4xx_HAL_Driver/Src/stm32l4xx_hal_rcc_ex.c.obj
 .debug_info    0x00000000000088d8      0x809 cmake/stm32cubemx/CMakeFiles/STM32_Drivers.dir/__/__/Drivers/STM32L4xx_HAL_Driver/Src/stm32l4xx_hal_gpio.c.obj
 .debug_info    0x00000000000090e1      0x9a9 cmake/stm32cubemx/CMakeFiles/STM32_Drivers.dir/__/__/Drivers/STM32L4xx_HAL_Driver/Src/stm32l4xx_hal_pwr_ex.c.obj
 .debug_info    0x0000000000009a8a      0xe2c cmake/stm32cubemx/CMakeFiles/STM32_Drivers.dir/__/__/Drivers/STM32L4xx_HAL_Driver/Src/stm32l4xx_hal_cortex.c.obj
 .debug_info    0x000000000000a8b6       0x26 /usr/lib/gcc/arm-none-eabi/10.3.1/thumb/v7e-m+fp/hard/libgcc.a(_arm_addsubdf3.o)
 .debug_info    0x000000000000a8dc      0x7ae /usr/lib/gcc/arm-none-eabi/10.3.1/../../../arm-none-eabi/lib/thumb/v7e-m+fp/hard/libg_nano.a(lib_a-errno.o)
 .debug_info    0x000000000000b08a      0x863 /usr/lib/gcc/arm-none-eabi/10.3.1/../../../arm-none-eabi/lib/thumb/v7e-m+fp/hard/libg_nano.a(lib_a-impure.o)
 .debug_info    0x000000000000b8ed      0x11a /usr/lib/gcc/arm-none-eabi/10.3.1/../../../arm-none-eabi/lib/thumb/v7e-m+fp/hard/libg_nano.a(lib_a-init.o)
 .debug_info    0x000000000000ba07      0x137 /usr/lib/gcc/arm-none-eabi/10.3.1/../../../arm-none-eabi/lib/thumb/v7e-m+fp/hard/libg_nano.a(lib_a-memset.o)
 .debug_info    0x000000000000bb3e      0x926 /usr/lib/gcc/arm-none-eabi/10.3.1/../../../arm-none-eabi/lib/thumb/v7e-m+fp/hard/libg_nano.a(lib_a-sprintf.o)
 .debug_info    0x000000000000c464     0x10d5 /usr/lib/gcc/arm-none-eabi/10.3.1/../../../arm-none-eabi/lib/thumb/v7e-m+fp/hard/libg_nano.a(lib_a-nano-svfprintf.o)
 .debug_info    0x000000000000d539      0xe9e /usr/lib/gcc/arm-none-eabi/10.3.1/../../../arm-none-eabi/lib/thumb/v7e-m+fp/hard/libg_nano.a(lib_a-nano-vfprintf_i.o)
 .debug_info    0x000000000000e3d7       0x26 /usr/lib/gcc/arm-none-eabi/10.3.1/../../../arm-none-eabi/lib/thumb/v7e-m+fp/hard/libg_nano.a(lib_a-memchr.o)
 .debug_info    0x000000000000e3fd       0x26 /usr/lib/gcc/arm-none-eabi/10.3.1/../../../arm-none-eabi/lib/thumb/v7e-m+fp/hard/libg_nano.a(lib_a-memcpy.o)
 .debug_info    0x000000000000e423      0x152 /usr/lib/gcc/arm-none-eabi/10.3.1/../../../arm-none-eabi/lib/thumb/v7e-m+fp/hard/libg_nano.a(lib_a-memmove.o)
 .debug_info    0x000000000000e575      0x903 /usr/lib/gcc/arm-none-eabi/10.3.1/../../../arm-none-eabi/lib/thumb/v7e-m+fp/hard/libg_nano.a(lib_a-nano-freer.o)
 .debug_info    0x000000000000ee78      0xa0c /usr/lib/gcc/arm-none-eabi/10.3.1/../../../arm-none-eabi/lib/thumb/v7e-m+fp/hard/libg_nano.a(lib_a-nano-mallocr.o)
 .debug_info    0x000000000000f884      0x911 /usr/lib/gcc/arm-none-eabi/10.3.1/../../../arm-none-eabi/lib/thumb/v7e-m+fp/hard/libg_nano.a(lib_a-nano-reallocr.o)
 .debug_info    0x0000000000010195      0x828 /usr/lib/gcc/arm-none-eabi/10.3.1/../../../arm-none-eabi/lib/thumb/v7e-m+fp/hard/libg_nano.a(lib_a-sbrkr.o)
 .debug_info    0x00000000000109bd      0x7dc /usr/lib/gcc/arm-none-eabi/10.3.1/../../../arm-none-eabi/lib/thumb/v7e-m+fp/hard/libg_nano.a(lib_a-mlock.o)
 .debug_info    0x0000000000011199      0x840 /usr/lib/gcc/arm-none-eabi/10.3.1/../../../arm-none-eabi/lib/thumb/v7e-m+fp/hard/libg_nano.a(lib_a-nano-msizer.o)
 .debug_info    0x00000000000119d9      0xa7e /usr/lib/gcc/arm-none-eabi/10.3.1/../../../arm-none-eabi/lib/thumb/v7e-m+fp/hard/libg_nano.a(lib_a-reent.o)

.debug_abbrev   0x0000000000000000     0x363e
 .debug_abbrev  0x0000000000000000      0x242 CMakeFiles/sensors_integration.dir/Core/Src/main.c.obj
 .debug_abbrev  0x0000000000000242       0x61 CMakeFiles/sensors_integration.dir/Core/Src/stm32l4xx_it.c.obj
 .debug_abbrev  0x00000000000002a3      0x18a CMakeFiles/sensors_integration.dir/Core/Src/stm32l4xx_hal_msp.c.obj
 .debug_abbrev  0x000000000000042d       0xa6 CMakeFiles/sensors_integration.dir/Core/Src/sysmem.c.obj
 .debug_abbrev  0x00000000000004d3       0x12 CMakeFiles/sensors_integration.dir/startup_stm32l475xx.s.obj
 .debug_abbrev  0x00000000000004e5      0x1a7 CMakeFiles/sensors_integration.dir/Protocols/I2C/Src/hts221.c.obj
 .debug_abbrev  0x000000000000068c      0x167 CMakeFiles/sensors_integration.dir/Protocols/I2C/Src/lps22hb.c.obj
 .debug_abbrev  0x00000000000007f3      0x1a1 CMakeFiles/sensors_integration.dir/Protocols/I2C/Src/lcd.c.obj
 .debug_abbrev  0x0000000000000994      0x116 cmake/stm32cubemx/CMakeFiles/STM32_Drivers.dir/__/__/Core/Src/system_stm32l4xx.c.obj
 .debug_abbrev  0x0000000000000aaa      0x21e cmake/stm32cubemx/CMakeFiles/STM32_Drivers.dir/__/__/Drivers/STM32L4xx_HAL_Driver/Src/stm32l4xx_hal_i2c.c.obj
 .debug_abbrev  0x0000000000000cc8      0x1b0 cmake/stm32cubemx/CMakeFiles/STM32_Drivers.dir/__/__/Drivers/STM32L4xx_HAL_Driver/Src/stm32l4xx_hal_i2c_ex.c.obj
 .debug_abbrev  0x0000000000000e78      0x207 cmake/stm32cubemx/CMakeFiles/STM32_Drivers.dir/__/__/Drivers/STM32L4xx_HAL_Driver/Src/stm32l4xx_hal.c.obj
 .debug_abbrev  0x000000000000107f      0x275 cmake/stm32cubemx/CMakeFiles/STM32_Drivers.dir/__/__/Drivers/STM32L4xx_HAL_Driver/Src/stm32l4xx_hal_rcc.c.obj
 .debug_abbrev  0x00000000000012f4      0x255 cmake/stm32cubemx/CMakeFiles/STM32_Drivers.dir/__/__/Drivers/STM32L4xx_HAL_Driver/Src/stm32l4xx_hal_rcc_ex.c.obj
 .debug_abbrev  0x0000000000001549      0x1bb cmake/stm32cubemx/CMakeFiles/STM32_Drivers.dir/__/__/Drivers/STM32L4xx_HAL_Driver/Src/stm32l4xx_hal_gpio.c.obj
 .debug_abbrev  0x0000000000001704      0x1e0 cmake/stm32cubemx/CMakeFiles/STM32_Drivers.dir/__/__/Drivers/STM32L4xx_HAL_Driver/Src/stm32l4xx_hal_pwr_ex.c.obj
 .debug_abbrev  0x00000000000018e4      0x30d cmake/stm32cubemx/CMakeFiles/STM32_Drivers.dir/__/__/Drivers/STM32L4xx_HAL_Driver/Src/stm32l4xx_hal_cortex.c.obj
 .debug_abbrev  0x0000000000001bf1       0x14 /usr/lib/gcc/arm-none-eabi/10.3.1/thumb/v7e-m+fp/hard/libgcc.a(_arm_addsubdf3.o)
 .debug_abbrev  0x0000000000001c05      0x157 /usr/lib/gcc/arm-none-eabi/10.3.1/../../../arm-none-eabi/lib/thumb/v7e-m+fp/hard/libg_nano.a(lib_a-errno.o)
 .debug_abbrev  0x0000000000001d5c      0x151 /usr/lib/gcc/arm-none-eabi/10.3.1/../../../arm-none-eabi/lib/thumb/v7e-m+fp/hard/libg_nano.a(lib_a-impure.o)
 .debug_abbrev  0x0000000000001ead       0xcc /usr/lib/gcc/arm-none-eabi/10.3.1/../../../arm-none-eabi/lib/thumb/v7e-m+fp/hard/libg_nano.a(lib_a-init.o)
 .debug_abbrev  0x0000000000001f79       0xb4 /usr/lib/gcc/arm-none-eabi/10.3.1/../../../arm-none-eabi/lib/thumb/v7e-m+fp/hard/libg_nano.a(lib_a-memset.o)
 .debug_abbrev  0x000000000000202d      0x213 /usr/lib/gcc/arm-none-eabi/10.3.1/../../../arm-none-eabi/lib/thumb/v7e-m+fp/hard/libg_nano.a(lib_a-sprintf.o)
 .debug_abbrev  0x0000000000002240      0x2ca /usr/lib/gcc/arm-none-eabi/10.3.1/../../../arm-none-eabi/lib/thumb/v7e-m+fp/hard/libg_nano.a(lib_a-nano-svfprintf.o)
 .debug_abbrev  0x000000000000250a      0x25c /usr/lib/gcc/arm-none-eabi/10.3.1/../../../arm-none-eabi/lib/thumb/v7e-m+fp/hard/libg_nano.a(lib_a-nano-vfprintf_i.o)
 .debug_abbrev  0x0000000000002766       0x14 /usr/lib/gcc/arm-none-eabi/10.3.1/../../../arm-none-eabi/lib/thumb/v7e-m+fp/hard/libg_nano.a(lib_a-memchr.o)
 .debug_abbrev  0x000000000000277a       0x14 /usr/lib/gcc/arm-none-eabi/10.3.1/../../../arm-none-eabi/lib/thumb/v7e-m+fp/hard/libg_nano.a(lib_a-memcpy.o)
 .debug_abbrev  0x000000000000278e       0xc0 /usr/lib/gcc/arm-none-eabi/10.3.1/../../../arm-none-eabi/lib/thumb/v7e-m+fp/hard/libg_nano.a(lib_a-memmove.o)
 .debug_abbrev  0x000000000000284e      0x235 /usr/lib/gcc/arm-none-eabi/10.3.1/../../../arm-none-eabi/lib/thumb/v7e-m+fp/hard/libg_nano.a(lib_a-nano-freer.o)
 .debug_abbrev  0x0000000000002a83      0x290 /usr/lib/gcc/arm-none-eabi/10.3.1/../../../arm-none-eabi/lib/thumb/v7e-m+fp/hard/libg_nano.a(lib_a-nano-mallocr.o)
 .debug_abbrev  0x0000000000002d13      0x1d6 /usr/lib/gcc/arm-none-eabi/10.3.1/../../../arm-none-eabi/lib/thumb/v7e-m+fp/hard/libg_nano.a(lib_a-nano-reallocr.o)
 .debug_abbrev  0x0000000000002ee9      0x1d6 /usr/lib/gcc/arm-none-eabi/10.3.1/../../../arm-none-eabi/lib/thumb/v7e-m+fp/hard/libg_nano.a(lib_a-sbrkr.o)
 .debug_abbrev  0x00000000000030bf      0x189 /usr/lib/gcc/arm-none-eabi/10.3.1/../../../arm-none-eabi/lib/thumb/v7e-m+fp/hard/libg_nano.a(lib_a-mlock.o)
 .debug_abbrev  0x0000000000003248      0x191 /usr/lib/gcc/arm-none-eabi/10.3.1/../../../arm-none-eabi/lib/thumb/v7e-m+fp/hard/libg_nano.a(lib_a-nano-msizer.o)
 .debug_abbrev  0x00000000000033d9      0x265 /usr/lib/gcc/arm-none-eabi/10.3.1/../../../arm-none-eabi/lib/thumb/v7e-m+fp/hard/libg_nano.a(lib_a-reent.o)

.debug_aranges  0x0000000000000000      0xc58
 .debug_aranges
                0x0000000000000000       0x48 CMakeFiles/sensors_integration.dir/Core/Src/main.c.obj
 .debug_aranges
                0x0000000000000048       0x60 CMakeFiles/sensors_integration.dir/Core/Src/stm32l4xx_it.c.obj
 .debug_aranges
                0x00000000000000a8       0x30 CMakeFiles/sensors_integration.dir/Core/Src/stm32l4xx_hal_msp.c.obj
 .debug_aranges
                0x00000000000000d8       0x20 CMakeFiles/sensors_integration.dir/Core/Src/sysmem.c.obj
 .debug_aranges
                0x00000000000000f8       0x28 CMakeFiles/sensors_integration.dir/startup_stm32l475xx.s.obj
 .debug_aranges
                0x0000000000000120       0x28 CMakeFiles/sensors_integration.dir/Protocols/I2C/Src/hts221.c.obj
 .debug_aranges
                0x0000000000000148       0x28 CMakeFiles/sensors_integration.dir/Protocols/I2C/Src/lps22hb.c.obj
 .debug_aranges
                0x0000000000000170       0x50 CMakeFiles/sensors_integration.dir/Protocols/I2C/Src/lcd.c.obj
 .debug_aranges
                0x00000000000001c0       0x28 cmake/stm32cubemx/CMakeFiles/STM32_Drivers.dir/__/__/Core/Src/system_stm32l4xx.c.obj
 .debug_aranges
                0x00000000000001e8      0x2a0 cmake/stm32cubemx/CMakeFiles/STM32_Drivers.dir/__/__/Drivers/STM32L4xx_HAL_Driver/Src/stm32l4xx_hal_i2c.c.obj
 .debug_aranges
                0x0000000000000488       0x48 cmake/stm32cubemx/CMakeFiles/STM32_Drivers.dir/__/__/Drivers/STM32L4xx_HAL_Driver/Src/stm32l4xx_hal_i2c_ex.c.obj
 .debug_aranges
                0x00000000000004d0      0x130 cmake/stm32cubemx/CMakeFiles/STM32_Drivers.dir/__/__/Drivers/STM32L4xx_HAL_Driver/Src/stm32l4xx_hal.c.obj
 .debug_aranges
                0x0000000000000600       0x90 cmake/stm32cubemx/CMakeFiles/STM32_Drivers.dir/__/__/Drivers/STM32L4xx_HAL_Driver/Src/stm32l4xx_hal_rcc.c.obj
 .debug_aranges
                0x0000000000000690       0xc0 cmake/stm32cubemx/CMakeFiles/STM32_Drivers.dir/__/__/Drivers/STM32L4xx_HAL_Driver/Src/stm32l4xx_hal_rcc_ex.c.obj
 .debug_aranges
                0x0000000000000750       0x58 cmake/stm32cubemx/CMakeFiles/STM32_Drivers.dir/__/__/Drivers/STM32L4xx_HAL_Driver/Src/stm32l4xx_hal_gpio.c.obj
 .debug_aranges
                0x00000000000007a8      0x150 cmake/stm32cubemx/CMakeFiles/STM32_Drivers.dir/__/__/Drivers/STM32L4xx_HAL_Driver/Src/stm32l4xx_hal_pwr_ex.c.obj
 .debug_aranges
                0x00000000000008f8      0x128 cmake/stm32cubemx/CMakeFiles/STM32_Drivers.dir/__/__/Drivers/STM32L4xx_HAL_Driver/Src/stm32l4xx_hal_cortex.c.obj
 .debug_aranges
                0x0000000000000a20       0x20 /usr/lib/gcc/arm-none-eabi/10.3.1/thumb/v7e-m+fp/hard/libgcc.a(_arm_addsubdf3.o)
 .debug_aranges
                0x0000000000000a40       0x20 /usr/lib/gcc/arm-none-eabi/10.3.1/../../../arm-none-eabi/lib/thumb/v7e-m+fp/hard/libg_nano.a(lib_a-errno.o)
 .debug_aranges
                0x0000000000000a60       0x18 /usr/lib/gcc/arm-none-eabi/10.3.1/../../../arm-none-eabi/lib/thumb/v7e-m+fp/hard/libg_nano.a(lib_a-impure.o)
 .debug_aranges
                0x0000000000000a78       0x20 /usr/lib/gcc/arm-none-eabi/10.3.1/../../../arm-none-eabi/lib/thumb/v7e-m+fp/hard/libg_nano.a(lib_a-init.o)
 .debug_aranges
                0x0000000000000a98       0x20 /usr/lib/gcc/arm-none-eabi/10.3.1/../../../arm-none-eabi/lib/thumb/v7e-m+fp/hard/libg_nano.a(lib_a-memset.o)
 .debug_aranges
                0x0000000000000ab8       0x20 /usr/lib/gcc/arm-none-eabi/10.3.1/../../../arm-none-eabi/lib/thumb/v7e-m+fp/hard/libg_nano.a(lib_a-sprintf.o)
 .debug_aranges
                0x0000000000000ad8       0x20 /usr/lib/gcc/arm-none-eabi/10.3.1/../../../arm-none-eabi/lib/thumb/v7e-m+fp/hard/libg_nano.a(lib_a-nano-svfprintf.o)
 .debug_aranges
                0x0000000000000af8       0x20 /usr/lib/gcc/arm-none-eabi/10.3.1/../../../arm-none-eabi/lib/thumb/v7e-m+fp/hard/libg_nano.a(lib_a-nano-vfprintf_i.o)
 .debug_aranges
                0x0000000000000b18       0x20 /usr/lib/gcc/arm-none-eabi/10.3.1/../../../arm-none-eabi/lib/thumb/v7e-m+fp/hard/libg_nano.a(lib_a-memchr.o)
 .debug_aranges
                0x0000000000000b38       0x20 /usr/lib/gcc/arm-none-eabi/10.3.1/../../../arm-none-eabi/lib/thumb/v7e-m+fp/hard/libg_nano.a(lib_a-memcpy.o)
 .debug_aranges
                0x0000000000000b58       0x20 /usr/lib/gcc/arm-none-eabi/10.3.1/../../../arm-none-eabi/lib/thumb/v7e-m+fp/hard/libg_nano.a(lib_a-memmove.o)
 .debug_aranges
                0x0000000000000b78       0x20 /usr/lib/gcc/arm-none-eabi/10.3.1/../../../arm-none-eabi/lib/thumb/v7e-m+fp/hard/libg_nano.a(lib_a-nano-freer.o)
 .debug_aranges
                0x0000000000000b98       0x20 /usr/lib/gcc/arm-none-eabi/10.3.1/../../../arm-none-eabi/lib/thumb/v7e-m+fp/hard/libg_nano.a(lib_a-nano-mallocr.o)
 .debug_aranges
                0x0000000000000bb8       0x20 /usr/lib/gcc/arm-none-eabi/10.3.1/../../../arm-none-eabi/lib/thumb/v7e-m+fp/hard/libg_nano.a(lib_a-nano-reallocr.o)
 .debug_aranges
                0x0000000000000bd8       0x20 /usr/lib/gcc/arm-none-eabi/10.3.1/../../../arm-none-eabi/lib/thumb/v7e-m+fp/hard/libg_nano.a(lib_a-sbrkr.o)
 .debug_aranges
                0x0000000000000bf8       0x20 /usr/lib/gcc/arm-none-eabi/10.3.1/../../../arm-none-eabi/lib/thumb/v7e-m+fp/hard/libg_nano.a(lib_a-mlock.o)
 .debug_aranges
                0x0000000000000c18       0x20 /usr/lib/gcc/arm-none-eabi/10.3.1/../../../arm-none-eabi/lib/thumb/v7e-m+fp/hard/libg_nano.a(lib_a-nano-msizer.o)
 .debug_aranges
                0x0000000000000c38       0x20 /usr/lib/gcc/arm-none-eabi/10.3.1/../../../arm-none-eabi/lib/thumb/v7e-m+fp/hard/libg_nano.a(lib_a-reent.o)

.debug_ranges   0x0000000000000000      0xa50
 .debug_ranges  0x0000000000000000       0x38 CMakeFiles/sensors_integration.dir/Core/Src/main.c.obj
 .debug_ranges  0x0000000000000038       0x50 CMakeFiles/sensors_integration.dir/Core/Src/stm32l4xx_it.c.obj
 .debug_ranges  0x0000000000000088       0x20 CMakeFiles/sensors_integration.dir/Core/Src/stm32l4xx_hal_msp.c.obj
 .debug_ranges  0x00000000000000a8       0x10 CMakeFiles/sensors_integration.dir/Core/Src/sysmem.c.obj
 .debug_ranges  0x00000000000000b8       0x20 CMakeFiles/sensors_integration.dir/startup_stm32l475xx.s.obj
 .debug_ranges  0x00000000000000d8       0x18 CMakeFiles/sensors_integration.dir/Protocols/I2C/Src/hts221.c.obj
 .debug_ranges  0x00000000000000f0       0x18 CMakeFiles/sensors_integration.dir/Protocols/I2C/Src/lps22hb.c.obj
 .debug_ranges  0x0000000000000108       0x40 CMakeFiles/sensors_integration.dir/Protocols/I2C/Src/lcd.c.obj
 .debug_ranges  0x0000000000000148       0x18 cmake/stm32cubemx/CMakeFiles/STM32_Drivers.dir/__/__/Core/Src/system_stm32l4xx.c.obj
 .debug_ranges  0x0000000000000160      0x290 cmake/stm32cubemx/CMakeFiles/STM32_Drivers.dir/__/__/Drivers/STM32L4xx_HAL_Driver/Src/stm32l4xx_hal_i2c.c.obj
 .debug_ranges  0x00000000000003f0       0x38 cmake/stm32cubemx/CMakeFiles/STM32_Drivers.dir/__/__/Drivers/STM32L4xx_HAL_Driver/Src/stm32l4xx_hal_i2c_ex.c.obj
 .debug_ranges  0x0000000000000428      0x120 cmake/stm32cubemx/CMakeFiles/STM32_Drivers.dir/__/__/Drivers/STM32L4xx_HAL_Driver/Src/stm32l4xx_hal.c.obj
 .debug_ranges  0x0000000000000548       0x80 cmake/stm32cubemx/CMakeFiles/STM32_Drivers.dir/__/__/Drivers/STM32L4xx_HAL_Driver/Src/stm32l4xx_hal_rcc.c.obj
 .debug_ranges  0x00000000000005c8       0xb0 cmake/stm32cubemx/CMakeFiles/STM32_Drivers.dir/__/__/Drivers/STM32L4xx_HAL_Driver/Src/stm32l4xx_hal_rcc_ex.c.obj
 .debug_ranges  0x0000000000000678       0x48 cmake/stm32cubemx/CMakeFiles/STM32_Drivers.dir/__/__/Drivers/STM32L4xx_HAL_Driver/Src/stm32l4xx_hal_gpio.c.obj
 .debug_ranges  0x00000000000006c0      0x140 cmake/stm32cubemx/CMakeFiles/STM32_Drivers.dir/__/__/Drivers/STM32L4xx_HAL_Driver/Src/stm32l4xx_hal_pwr_ex.c.obj
 .debug_ranges  0x0000000000000800      0x118 cmake/stm32cubemx/CMakeFiles/STM32_Drivers.dir/__/__/Drivers/STM32L4xx_HAL_Driver/Src/stm32l4xx_hal_cortex.c.obj
 .debug_ranges  0x0000000000000918       0x40 /usr/lib/gcc/arm-none-eabi/10.3.1/../../../arm-none-eabi/lib/thumb/v7e-m+fp/hard/libg_nano.a(lib_a-nano-svfprintf.o)
 .debug_ranges  0x0000000000000958       0xa0 /usr/lib/gcc/arm-none-eabi/10.3.1/../../../arm-none-eabi/lib/thumb/v7e-m+fp/hard/libg_nano.a(lib_a-nano-vfprintf_i.o)
 .debug_ranges  0x00000000000009f8       0x20 /usr/lib/gcc/arm-none-eabi/10.3.1/../../../arm-none-eabi/lib/thumb/v7e-m+fp/hard/libg_nano.a(lib_a-nano-freer.o)
 .debug_ranges  0x0000000000000a18       0x38 /usr/lib/gcc/arm-none-eabi/10.3.1/../../../arm-none-eabi/lib/thumb/v7e-m+fp/hard/libg_nano.a(lib_a-nano-mallocr.o)

.debug_macro    0x0000000000000000    0x2582f
 .debug_macro   0x0000000000000000      0x309 CMakeFiles/sensors_integration.dir/Core/Src/main.c.obj
 .debug_macro   0x0000000000000309      0xa78 CMakeFiles/sensors_integration.dir/Core/Src/main.c.obj
 .debug_macro   0x0000000000000d81      0x1a1 CMakeFiles/sensors_integration.dir/Core/Src/main.c.obj
 .debug_macro   0x0000000000000f22       0x2e CMakeFiles/sensors_integration.dir/Core/Src/main.c.obj
 .debug_macro   0x0000000000000f50       0x28 CMakeFiles/sensors_integration.dir/Core/Src/main.c.obj
 .debug_macro   0x0000000000000f78      0x34e CMakeFiles/sensors_integration.dir/Core/Src/main.c.obj
 .debug_macro   0x00000000000012c6       0x1c CMakeFiles/sensors_integration.dir/Core/Src/main.c.obj
 .debug_macro   0x00000000000012e2       0x22 CMakeFiles/sensors_integration.dir/Core/Src/main.c.obj
 .debug_macro   0x0000000000001304       0xfb CMakeFiles/sensors_integration.dir/Core/Src/main.c.obj
 .debug_macro   0x00000000000013ff     0x1011 CMakeFiles/sensors_integration.dir/Core/Src/main.c.obj
 .debug_macro   0x0000000000002410      0x11f CMakeFiles/sensors_integration.dir/Core/Src/main.c.obj
 .debug_macro   0x000000000000252f    0x19dc7 CMakeFiles/sensors_integration.dir/Core/Src/main.c.obj
 .debug_macro   0x000000000001c2f6       0x6d CMakeFiles/sensors_integration.dir/Core/Src/main.c.obj
 .debug_macro   0x000000000001c363     0x38fb CMakeFiles/sensors_integration.dir/Core/Src/main.c.obj
 .debug_macro   0x000000000001fc5e      0x174 CMakeFiles/sensors_integration.dir/Core/Src/main.c.obj
 .debug_macro   0x000000000001fdd2       0x5c CMakeFiles/sensors_integration.dir/Core/Src/main.c.obj
 .debug_macro   0x000000000001fe2e     0x1558 CMakeFiles/sensors_integration.dir/Core/Src/main.c.obj
 .debug_macro   0x0000000000021386      0x5a5 CMakeFiles/sensors_integration.dir/Core/Src/main.c.obj
 .debug_macro   0x000000000002192b      0x1b9 CMakeFiles/sensors_integration.dir/Core/Src/main.c.obj
 .debug_macro   0x0000000000021ae4      0x17d CMakeFiles/sensors_integration.dir/Core/Src/main.c.obj
 .debug_macro   0x0000000000021c61      0x26b CMakeFiles/sensors_integration.dir/Core/Src/main.c.obj
 .debug_macro   0x0000000000021ecc      0x23d CMakeFiles/sensors_integration.dir/Core/Src/main.c.obj
 .debug_macro   0x0000000000022109      0x241 CMakeFiles/sensors_integration.dir/Core/Src/main.c.obj
 .debug_macro   0x000000000002234a      0x37c CMakeFiles/sensors_integration.dir/Core/Src/main.c.obj
 .debug_macro   0x00000000000226c6       0xd6 CMakeFiles/sensors_integration.dir/Core/Src/main.c.obj
 .debug_macro   0x000000000002279c      0x22c CMakeFiles/sensors_integration.dir/Core/Src/main.c.obj
 .debug_macro   0x00000000000229c8       0x61 CMakeFiles/sensors_integration.dir/Core/Src/main.c.obj
 .debug_macro   0x0000000000022a29       0xa5 CMakeFiles/sensors_integration.dir/Core/Src/main.c.obj
 .debug_macro   0x0000000000022ace      0x122 CMakeFiles/sensors_integration.dir/Core/Src/main.c.obj
 .debug_macro   0x0000000000022bf0      0x3e8 CMakeFiles/sensors_integration.dir/Core/Src/main.c.obj
 .debug_macro   0x0000000000022fd8      0x330 CMakeFiles/sensors_integration.dir/Core/Src/main.c.obj
 .debug_macro   0x0000000000023308       0x22 CMakeFiles/sensors_integration.dir/Core/Src/main.c.obj
 .debug_macro   0x000000000002332a       0x52 CMakeFiles/sensors_integration.dir/Core/Src/main.c.obj
 .debug_macro   0x000000000002337c       0x18 CMakeFiles/sensors_integration.dir/Core/Src/main.c.obj
 .debug_macro   0x0000000000023394       0x94 CMakeFiles/sensors_integration.dir/Core/Src/main.c.obj
 .debug_macro   0x0000000000023428       0x35 CMakeFiles/sensors_integration.dir/Core/Src/main.c.obj
 .debug_macro   0x000000000002345d       0x34 CMakeFiles/sensors_integration.dir/Core/Src/main.c.obj
 .debug_macro   0x0000000000023491       0x16 CMakeFiles/sensors_integration.dir/Core/Src/main.c.obj
 .debug_macro   0x00000000000234a7       0x57 CMakeFiles/sensors_integration.dir/Core/Src/main.c.obj
 .debug_macro   0x00000000000234fe       0x35 CMakeFiles/sensors_integration.dir/Core/Src/main.c.obj
 .debug_macro   0x0000000000023533      0x333 CMakeFiles/sensors_integration.dir/Core/Src/main.c.obj
 .debug_macro   0x0000000000023866       0x10 CMakeFiles/sensors_integration.dir/Core/Src/main.c.obj
 .debug_macro   0x0000000000023876       0x16 CMakeFiles/sensors_integration.dir/Core/Src/main.c.obj
 .debug_macro   0x000000000002388c       0x43 CMakeFiles/sensors_integration.dir/Core/Src/main.c.obj
 .debug_macro   0x00000000000238cf       0x34 CMakeFiles/sensors_integration.dir/Core/Src/main.c.obj
 .debug_macro   0x0000000000023903       0x10 CMakeFiles/sensors_integration.dir/Core/Src/main.c.obj
 .debug_macro   0x0000000000023913       0x52 CMakeFiles/sensors_integration.dir/Core/Src/main.c.obj
 .debug_macro   0x0000000000023965      0x182 CMakeFiles/sensors_integration.dir/Core/Src/main.c.obj
 .debug_macro   0x0000000000023ae7       0x10 CMakeFiles/sensors_integration.dir/Core/Src/main.c.obj
 .debug_macro   0x0000000000023af7       0x6a CMakeFiles/sensors_integration.dir/Core/Src/main.c.obj
 .debug_macro   0x0000000000023b61       0x1c CMakeFiles/sensors_integration.dir/Core/Src/main.c.obj
 .debug_macro   0x0000000000023b7d       0x52 CMakeFiles/sensors_integration.dir/Core/Src/main.c.obj
 .debug_macro   0x0000000000023bcf       0x22 CMakeFiles/sensors_integration.dir/Core/Src/main.c.obj
 .debug_macro   0x0000000000023bf1       0x10 CMakeFiles/sensors_integration.dir/Core/Src/main.c.obj
 .debug_macro   0x0000000000023c01       0x40 CMakeFiles/sensors_integration.dir/Core/Src/main.c.obj
 .debug_macro   0x0000000000023c41       0xd5 CMakeFiles/sensors_integration.dir/Core/Src/main.c.obj
 .debug_macro   0x0000000000023d16       0x1c CMakeFiles/sensors_integration.dir/Core/Src/main.c.obj
 .debug_macro   0x0000000000023d32       0x3d CMakeFiles/sensors_integration.dir/Core/Src/main.c.obj
 .debug_macro   0x0000000000023d6f       0x16 CMakeFiles/sensors_integration.dir/Core/Src/main.c.obj
 .debug_macro   0x0000000000023d85      0x16f CMakeFiles/sensors_integration.dir/Core/Src/main.c.obj
 .debug_macro   0x0000000000023ef4       0x22 CMakeFiles/sensors_integration.dir/Core/Src/main.c.obj
 .debug_macro   0x0000000000023f16      0x17c CMakeFiles/sensors_integration.dir/Core/Src/stm32l4xx_it.c.obj
 .debug_macro   0x0000000000024092      0x172 CMakeFiles/sensors_integration.dir/Core/Src/stm32l4xx_hal_msp.c.obj
 .debug_macro   0x0000000000024204       0xce CMakeFiles/sensors_integration.dir/Core/Src/sysmem.c.obj
 .debug_macro   0x00000000000242d2       0x10 CMakeFiles/sensors_integration.dir/Core/Src/sysmem.c.obj
 .debug_macro   0x00000000000242e2      0x23b CMakeFiles/sensors_integration.dir/Core/Src/sysmem.c.obj
 .debug_macro   0x000000000002451d      0x17c CMakeFiles/sensors_integration.dir/Protocols/I2C/Src/hts221.c.obj
 .debug_macro   0x0000000000024699      0x199 CMakeFiles/sensors_integration.dir/Protocols/I2C/Src/lps22hb.c.obj
 .debug_macro   0x0000000000024832       0x1c CMakeFiles/sensors_integration.dir/Protocols/I2C/Src/lps22hb.c.obj
 .debug_macro   0x000000000002484e      0x17c CMakeFiles/sensors_integration.dir/Protocols/I2C/Src/lcd.c.obj
 .debug_macro   0x00000000000249ca      0x168 cmake/stm32cubemx/CMakeFiles/STM32_Drivers.dir/__/__/Core/Src/system_stm32l4xx.c.obj
 .debug_macro   0x0000000000024b32      0x234 cmake/stm32cubemx/CMakeFiles/STM32_Drivers.dir/__/__/Drivers/STM32L4xx_HAL_Driver/Src/stm32l4xx_hal_i2c.c.obj
 .debug_macro   0x0000000000024d66      0x168 cmake/stm32cubemx/CMakeFiles/STM32_Drivers.dir/__/__/Drivers/STM32L4xx_HAL_Driver/Src/stm32l4xx_hal_i2c_ex.c.obj
 .debug_macro   0x0000000000024ece      0x1b6 cmake/stm32cubemx/CMakeFiles/STM32_Drivers.dir/__/__/Drivers/STM32L4xx_HAL_Driver/Src/stm32l4xx_hal.c.obj
 .debug_macro   0x0000000000025084      0x1aa cmake/stm32cubemx/CMakeFiles/STM32_Drivers.dir/__/__/Drivers/STM32L4xx_HAL_Driver/Src/stm32l4xx_hal_rcc.c.obj
 .debug_macro   0x000000000002522e      0x19e cmake/stm32cubemx/CMakeFiles/STM32_Drivers.dir/__/__/Drivers/STM32L4xx_HAL_Driver/Src/stm32l4xx_hal_rcc_ex.c.obj
 .debug_macro   0x00000000000253cc      0x16f cmake/stm32cubemx/CMakeFiles/STM32_Drivers.dir/__/__/Drivers/STM32L4xx_HAL_Driver/Src/stm32l4xx_hal_gpio.c.obj
 .debug_macro   0x000000000002553b      0x18c cmake/stm32cubemx/CMakeFiles/STM32_Drivers.dir/__/__/Drivers/STM32L4xx_HAL_Driver/Src/stm32l4xx_hal_pwr_ex.c.obj
 .debug_macro   0x00000000000256c7      0x168 cmake/stm32cubemx/CMakeFiles/STM32_Drivers.dir/__/__/Drivers/STM32L4xx_HAL_Driver/Src/stm32l4xx_hal_cortex.c.obj

.debug_line     0x0000000000000000     0xe70f
 .debug_line    0x0000000000000000      0x925 CMakeFiles/sensors_integration.dir/Core/Src/main.c.obj
 .debug_line    0x0000000000000925      0x64c CMakeFiles/sensors_integration.dir/Core/Src/stm32l4xx_it.c.obj
 .debug_line    0x0000000000000f71      0x62d CMakeFiles/sensors_integration.dir/Core/Src/stm32l4xx_hal_msp.c.obj
 .debug_line    0x000000000000159e      0x1e8 CMakeFiles/sensors_integration.dir/Core/Src/sysmem.c.obj
 .debug_line    0x0000000000001786       0xba CMakeFiles/sensors_integration.dir/startup_stm32l475xx.s.obj
 .debug_line    0x0000000000001840      0x73a CMakeFiles/sensors_integration.dir/Protocols/I2C/Src/hts221.c.obj
 .debug_line    0x0000000000001f7a      0x66d CMakeFiles/sensors_integration.dir/Protocols/I2C/Src/lps22hb.c.obj
 .debug_line    0x00000000000025e7      0x6bb CMakeFiles/sensors_integration.dir/Protocols/I2C/Src/lcd.c.obj
 .debug_line    0x0000000000002ca2      0x621 cmake/stm32cubemx/CMakeFiles/STM32_Drivers.dir/__/__/Core/Src/system_stm32l4xx.c.obj
 .debug_line    0x00000000000032c3     0x37ff cmake/stm32cubemx/CMakeFiles/STM32_Drivers.dir/__/__/Drivers/STM32L4xx_HAL_Driver/Src/stm32l4xx_hal_i2c.c.obj
 .debug_line    0x0000000000006ac2      0x7a7 cmake/stm32cubemx/CMakeFiles/STM32_Drivers.dir/__/__/Drivers/STM32L4xx_HAL_Driver/Src/stm32l4xx_hal_i2c_ex.c.obj
 .debug_line    0x0000000000007269      0x979 cmake/stm32cubemx/CMakeFiles/STM32_Drivers.dir/__/__/Drivers/STM32L4xx_HAL_Driver/Src/stm32l4xx_hal.c.obj
 .debug_line    0x0000000000007be2      0xdf5 cmake/stm32cubemx/CMakeFiles/STM32_Drivers.dir/__/__/Drivers/STM32L4xx_HAL_Driver/Src/stm32l4xx_hal_rcc.c.obj
 .debug_line    0x00000000000089d7     0x1332 cmake/stm32cubemx/CMakeFiles/STM32_Drivers.dir/__/__/Drivers/STM32L4xx_HAL_Driver/Src/stm32l4xx_hal_rcc_ex.c.obj
 .debug_line    0x0000000000009d09      0x9ed cmake/stm32cubemx/CMakeFiles/STM32_Drivers.dir/__/__/Drivers/STM32L4xx_HAL_Driver/Src/stm32l4xx_hal_gpio.c.obj
 .debug_line    0x000000000000a6f6      0xb41 cmake/stm32cubemx/CMakeFiles/STM32_Drivers.dir/__/__/Drivers/STM32L4xx_HAL_Driver/Src/stm32l4xx_hal_pwr_ex.c.obj
 .debug_line    0x000000000000b237      0xb4e cmake/stm32cubemx/CMakeFiles/STM32_Drivers.dir/__/__/Drivers/STM32L4xx_HAL_Driver/Src/stm32l4xx_hal_cortex.c.obj
 .debug_line    0x000000000000bd85      0x186 /usr/lib/gcc/arm-none-eabi/10.3.1/thumb/v7e-m+fp/hard/libgcc.a(_arm_addsubdf3.o)
 .debug_line    0x000000000000bf0b      0x109 /usr/lib/gcc/arm-none-eabi/10.3.1/../../../arm-none-eabi/lib/thumb/v7e-m+fp/hard/libg_nano.a(lib_a-errno.o)
 .debug_line    0x000000000000c014       0xe4 /usr/lib/gcc/arm-none-eabi/10.3.1/../../../arm-none-eabi/lib/thumb/v7e-m+fp/hard/libg_nano.a(lib_a-impure.o)
 .debug_line    0x000000000000c0f8      0x138 /usr/lib/gcc/arm-none-eabi/10.3.1/../../../arm-none-eabi/lib/thumb/v7e-m+fp/hard/libg_nano.a(lib_a-init.o)
 .debug_line    0x000000000000c230      0x1bf /usr/lib/gcc/arm-none-eabi/10.3.1/../../../arm-none-eabi/lib/thumb/v7e-m+fp/hard/libg_nano.a(lib_a-memset.o)
 .debug_line    0x000000000000c3ef      0x209 /usr/lib/gcc/arm-none-eabi/10.3.1/../../../arm-none-eabi/lib/thumb/v7e-m+fp/hard/libg_nano.a(lib_a-sprintf.o)
 .debug_line    0x000000000000c5f8      0x83a /usr/lib/gcc/arm-none-eabi/10.3.1/../../../arm-none-eabi/lib/thumb/v7e-m+fp/hard/libg_nano.a(lib_a-nano-svfprintf.o)
 .debug_line    0x000000000000ce32      0x746 /usr/lib/gcc/arm-none-eabi/10.3.1/../../../arm-none-eabi/lib/thumb/v7e-m+fp/hard/libg_nano.a(lib_a-nano-vfprintf_i.o)
 .debug_line    0x000000000000d578       0xa4 /usr/lib/gcc/arm-none-eabi/10.3.1/../../../arm-none-eabi/lib/thumb/v7e-m+fp/hard/libg_nano.a(lib_a-memchr.o)
 .debug_line    0x000000000000d61c       0xbe /usr/lib/gcc/arm-none-eabi/10.3.1/../../../arm-none-eabi/lib/thumb/v7e-m+fp/hard/libg_nano.a(lib_a-memcpy.o)
 .debug_line    0x000000000000d6da      0x1ee /usr/lib/gcc/arm-none-eabi/10.3.1/../../../arm-none-eabi/lib/thumb/v7e-m+fp/hard/libg_nano.a(lib_a-memmove.o)
 .debug_line    0x000000000000d8c8      0x2ca /usr/lib/gcc/arm-none-eabi/10.3.1/../../../arm-none-eabi/lib/thumb/v7e-m+fp/hard/libg_nano.a(lib_a-nano-freer.o)
 .debug_line    0x000000000000db92      0x2d0 /usr/lib/gcc/arm-none-eabi/10.3.1/../../../arm-none-eabi/lib/thumb/v7e-m+fp/hard/libg_nano.a(lib_a-nano-mallocr.o)
 .debug_line    0x000000000000de62      0x1c5 /usr/lib/gcc/arm-none-eabi/10.3.1/../../../arm-none-eabi/lib/thumb/v7e-m+fp/hard/libg_nano.a(lib_a-nano-reallocr.o)
 .debug_line    0x000000000000e027      0x183 /usr/lib/gcc/arm-none-eabi/10.3.1/../../../arm-none-eabi/lib/thumb/v7e-m+fp/hard/libg_nano.a(lib_a-sbrkr.o)
 .debug_line    0x000000000000e1aa      0x13e /usr/lib/gcc/arm-none-eabi/10.3.1/../../../arm-none-eabi/lib/thumb/v7e-m+fp/hard/libg_nano.a(lib_a-mlock.o)
 .debug_line    0x000000000000e2e8      0x160 /usr/lib/gcc/arm-none-eabi/10.3.1/../../../arm-none-eabi/lib/thumb/v7e-m+fp/hard/libg_nano.a(lib_a-nano-msizer.o)
 .debug_line    0x000000000000e448      0x2c7 /usr/lib/gcc/arm-none-eabi/10.3.1/../../../arm-none-eabi/lib/thumb/v7e-m+fp/hard/libg_nano.a(lib_a-reent.o)

.debug_str      0x0000000000000000    0xe52b6
 .debug_str     0x0000000000000000    0xe0915 CMakeFiles/sensors_integration.dir/Core/Src/main.c.obj
                                      0xe0caf (size before relaxing)
 .debug_str     0x00000000000e0915       0xfe CMakeFiles/sensors_integration.dir/Core/Src/stm32l4xx_it.c.obj
                                      0xdca3e (size before relaxing)
 .debug_str     0x00000000000e0a13      0x35b CMakeFiles/sensors_integration.dir/Core/Src/stm32l4xx_hal_msp.c.obj
                                      0xdd2dd (size before relaxing)
 .debug_str     0x00000000000e0d6e      0x513 CMakeFiles/sensors_integration.dir/Core/Src/sysmem.c.obj
                                       0x558e (size before relaxing)
 .debug_str     0x00000000000e1281       0x66 CMakeFiles/sensors_integration.dir/startup_stm32l475xx.s.obj
                                         0xb0 (size before relaxing)
 .debug_str     0x00000000000e12e7      0x178 CMakeFiles/sensors_integration.dir/Protocols/I2C/Src/hts221.c.obj
                                      0xdcfb5 (size before relaxing)
 .debug_str     0x00000000000e145f       0xa1 CMakeFiles/sensors_integration.dir/Protocols/I2C/Src/lps22hb.c.obj
                                      0xdcf22 (size before relaxing)
 .debug_str     0x00000000000e1500      0x100 CMakeFiles/sensors_integration.dir/Protocols/I2C/Src/lcd.c.obj
                                      0xdcf21 (size before relaxing)
 .debug_str     0x00000000000e1600      0x18f cmake/stm32cubemx/CMakeFiles/STM32_Drivers.dir/__/__/Core/Src/system_stm32l4xx.c.obj
                                      0xdcbd5 (size before relaxing)
 .debug_str     0x00000000000e178f      0xe2a cmake/stm32cubemx/CMakeFiles/STM32_Drivers.dir/__/__/Drivers/STM32L4xx_HAL_Driver/Src/stm32l4xx_hal_i2c.c.obj
                                      0xddd8c (size before relaxing)
 .debug_str     0x00000000000e25b9      0x12c cmake/stm32cubemx/CMakeFiles/STM32_Drivers.dir/__/__/Drivers/STM32L4xx_HAL_Driver/Src/stm32l4xx_hal_i2c_ex.c.obj
                                      0xdd0d7 (size before relaxing)
 .debug_str     0x00000000000e26e5      0xa69 cmake/stm32cubemx/CMakeFiles/STM32_Drivers.dir/__/__/Drivers/STM32L4xx_HAL_Driver/Src/stm32l4xx_hal.c.obj
                                      0xdd71a (size before relaxing)
 .debug_str     0x00000000000e314e      0x474 cmake/stm32cubemx/CMakeFiles/STM32_Drivers.dir/__/__/Drivers/STM32L4xx_HAL_Driver/Src/stm32l4xx_hal_rcc.c.obj
                                      0xdd1cf (size before relaxing)
 .debug_str     0x00000000000e35c2      0x42e cmake/stm32cubemx/CMakeFiles/STM32_Drivers.dir/__/__/Drivers/STM32L4xx_HAL_Driver/Src/stm32l4xx_hal_rcc_ex.c.obj
                                      0xdd304 (size before relaxing)
 .debug_str     0x00000000000e39f0      0x177 cmake/stm32cubemx/CMakeFiles/STM32_Drivers.dir/__/__/Drivers/STM32L4xx_HAL_Driver/Src/stm32l4xx_hal_gpio.c.obj
                                      0xdcd4d (size before relaxing)
 .debug_str     0x00000000000e3b67      0x489 cmake/stm32cubemx/CMakeFiles/STM32_Drivers.dir/__/__/Drivers/STM32L4xx_HAL_Driver/Src/stm32l4xx_hal_pwr_ex.c.obj
                                      0xdd0e1 (size before relaxing)
 .debug_str     0x00000000000e3ff0      0x402 cmake/stm32cubemx/CMakeFiles/STM32_Drivers.dir/__/__/Drivers/STM32L4xx_HAL_Driver/Src/stm32l4xx_hal_cortex.c.obj
                                      0xdd43b (size before relaxing)
 .debug_str     0x00000000000e43f2       0xab /usr/lib/gcc/arm-none-eabi/10.3.1/thumb/v7e-m+fp/hard/libgcc.a(_arm_addsubdf3.o)
 .debug_str     0x00000000000e449d      0x408 /usr/lib/gcc/arm-none-eabi/10.3.1/../../../arm-none-eabi/lib/thumb/v7e-m+fp/hard/libg_nano.a(lib_a-errno.o)
                                        0x507 (size before relaxing)
 .debug_str     0x00000000000e48a5       0xdf /usr/lib/gcc/arm-none-eabi/10.3.1/../../../arm-none-eabi/lib/thumb/v7e-m+fp/hard/libg_nano.a(lib_a-impure.o)
                                        0x55e (size before relaxing)
 .debug_str     0x00000000000e4984       0xf0 /usr/lib/gcc/arm-none-eabi/10.3.1/../../../arm-none-eabi/lib/thumb/v7e-m+fp/hard/libg_nano.a(lib_a-init.o)
                                        0x20b (size before relaxing)
 .debug_str     0x00000000000e4a74       0xb1 /usr/lib/gcc/arm-none-eabi/10.3.1/../../../arm-none-eabi/lib/thumb/v7e-m+fp/hard/libg_nano.a(lib_a-memset.o)
                                        0x1c0 (size before relaxing)
 .debug_str     0x00000000000e4b25       0xba /usr/lib/gcc/arm-none-eabi/10.3.1/../../../arm-none-eabi/lib/thumb/v7e-m+fp/hard/libg_nano.a(lib_a-sprintf.o)
                                        0x54c (size before relaxing)
 .debug_str     0x00000000000e4bdf      0x28d /usr/lib/gcc/arm-none-eabi/10.3.1/../../../arm-none-eabi/lib/thumb/v7e-m+fp/hard/libg_nano.a(lib_a-nano-svfprintf.o)
                                        0x855 (size before relaxing)
 .debug_str     0x00000000000e4e6c       0x94 /usr/lib/gcc/arm-none-eabi/10.3.1/../../../arm-none-eabi/lib/thumb/v7e-m+fp/hard/libg_nano.a(lib_a-nano-vfprintf_i.o)
                                        0x7ec (size before relaxing)
 .debug_str     0x00000000000e4f00       0xa3 /usr/lib/gcc/arm-none-eabi/10.3.1/../../../arm-none-eabi/lib/thumb/v7e-m+fp/hard/libg_nano.a(lib_a-memchr.o)
                                         0xaf (size before relaxing)
 .debug_str     0x00000000000e4fa3       0x43 /usr/lib/gcc/arm-none-eabi/10.3.1/../../../arm-none-eabi/lib/thumb/v7e-m+fp/hard/libg_nano.a(lib_a-memcpy.o)
                                         0xb6 (size before relaxing)
 .debug_str     0x00000000000e4fe6       0x66 /usr/lib/gcc/arm-none-eabi/10.3.1/../../../arm-none-eabi/lib/thumb/v7e-m+fp/hard/libg_nano.a(lib_a-memmove.o)
                                        0x1df (size before relaxing)
 .debug_str     0x00000000000e504c      0x116 /usr/lib/gcc/arm-none-eabi/10.3.1/../../../arm-none-eabi/lib/thumb/v7e-m+fp/hard/libg_nano.a(lib_a-nano-freer.o)
                                        0x595 (size before relaxing)
 .debug_str     0x00000000000e5162       0x46 /usr/lib/gcc/arm-none-eabi/10.3.1/../../../arm-none-eabi/lib/thumb/v7e-m+fp/hard/libg_nano.a(lib_a-nano-mallocr.o)
                                        0x5c0 (size before relaxing)
 .debug_str     0x00000000000e51a8       0x23 /usr/lib/gcc/arm-none-eabi/10.3.1/../../../arm-none-eabi/lib/thumb/v7e-m+fp/hard/libg_nano.a(lib_a-nano-reallocr.o)
                                        0x57f (size before relaxing)
 .debug_str     0x00000000000e51cb       0x32 /usr/lib/gcc/arm-none-eabi/10.3.1/../../../arm-none-eabi/lib/thumb/v7e-m+fp/hard/libg_nano.a(lib_a-sbrkr.o)
                                        0x516 (size before relaxing)
 .debug_str     0x00000000000e51fd       0x4c /usr/lib/gcc/arm-none-eabi/10.3.1/../../../arm-none-eabi/lib/thumb/v7e-m+fp/hard/libg_nano.a(lib_a-mlock.o)
                                        0x52c (size before relaxing)
 .debug_str     0x00000000000e5249        0xf /usr/lib/gcc/arm-none-eabi/10.3.1/../../../arm-none-eabi/lib/thumb/v7e-m+fp/hard/libg_nano.a(lib_a-nano-msizer.o)
                                        0x55d (size before relaxing)
 .debug_str     0x00000000000e5258       0x5e /usr/lib/gcc/arm-none-eabi/10.3.1/../../../arm-none-eabi/lib/thumb/v7e-m+fp/hard/libg_nano.a(lib_a-reent.o)
                                        0x53e (size before relaxing)

.debug_frame    0x0000000000000000     0x2b8c
 .debug_frame   0x0000000000000000       0xd8 CMakeFiles/sensors_integration.dir/Core/Src/main.c.obj
 .debug_frame   0x00000000000000d8      0x104 CMakeFiles/sensors_integration.dir/Core/Src/stm32l4xx_it.c.obj
 .debug_frame   0x00000000000001dc       0x84 CMakeFiles/sensors_integration.dir/Core/Src/stm32l4xx_hal_msp.c.obj
 .debug_frame   0x0000000000000260       0x34 CMakeFiles/sensors_integration.dir/Core/Src/sysmem.c.obj
 .debug_frame   0x0000000000000294       0x60 CMakeFiles/sensors_integration.dir/Protocols/I2C/Src/hts221.c.obj
 .debug_frame   0x00000000000002f4       0x5c CMakeFiles/sensors_integration.dir/Protocols/I2C/Src/lps22hb.c.obj
 .debug_frame   0x0000000000000350      0x100 CMakeFiles/sensors_integration.dir/Protocols/I2C/Src/lcd.c.obj
 .debug_frame   0x0000000000000450       0x58 cmake/stm32cubemx/CMakeFiles/STM32_Drivers.dir/__/__/Core/Src/system_stm32l4xx.c.obj
 .debug_frame   0x00000000000004a8      0xc38 cmake/stm32cubemx/CMakeFiles/STM32_Drivers.dir/__/__/Drivers/STM32L4xx_HAL_Driver/Src/stm32l4xx_hal_i2c.c.obj
 .debug_frame   0x00000000000010e0      0x100 cmake/stm32cubemx/CMakeFiles/STM32_Drivers.dir/__/__/Drivers/STM32L4xx_HAL_Driver/Src/stm32l4xx_hal_i2c_ex.c.obj
 .debug_frame   0x00000000000011e0      0x498 cmake/stm32cubemx/CMakeFiles/STM32_Drivers.dir/__/__/Drivers/STM32L4xx_HAL_Driver/Src/stm32l4xx_hal.c.obj
 .debug_frame   0x0000000000001678      0x21c cmake/stm32cubemx/CMakeFiles/STM32_Drivers.dir/__/__/Drivers/STM32L4xx_HAL_Driver/Src/stm32l4xx_hal_rcc.c.obj
 .debug_frame   0x0000000000001894      0x2fc cmake/stm32cubemx/CMakeFiles/STM32_Drivers.dir/__/__/Drivers/STM32L4xx_HAL_Driver/Src/stm32l4xx_hal_rcc_ex.c.obj
 .debug_frame   0x0000000000001b90      0x14c cmake/stm32cubemx/CMakeFiles/STM32_Drivers.dir/__/__/Drivers/STM32L4xx_HAL_Driver/Src/stm32l4xx_hal_gpio.c.obj
 .debug_frame   0x0000000000001cdc      0x544 cmake/stm32cubemx/CMakeFiles/STM32_Drivers.dir/__/__/Drivers/STM32L4xx_HAL_Driver/Src/stm32l4xx_hal_pwr_ex.c.obj